MPLINK 4.37, Linker
Linker Map File - Created Tue Jun 12 23:05:37 2012

                                 Section Info
                  Section       Type    Address   Location Size(Bytes)
                ---------  ---------  ---------  ---------  ---------
               _entry_scn       code   0x000000    program   0x000006
       .code__user_putc.o       code   0x000006    program   0x000002
      InterruptVectorHigh       code   0x000008    program   0x000006
                   .cinit    romdata   0x00000e    program   0x00000e
         .code_vfprintf.o       code   0x00001c    program   0x000c22
      .code_Firmware1.0.o       code   0x000c3e    program   0x000be4
         .code_openxlcd.o       code   0x001822    program   0x0000ca
          .code_sprintf.o       code   0x0018ec    program   0x0000ac
                     PROG       code   0x001998    program   0x0000a6
               _cinit_scn       code   0x001a3e    program   0x00009e
             .code_putc.o       code   0x001adc    program   0x000084
          .code_fxm3232.o       code   0x001b60    program   0x000070
             .stringtable    romdata   0x001bd0    program   0x000069
      .romdata_adcclose.o    romdata   0x001c39    program   0x000000
       .idata_adcopen.o_i    romdata   0x001c39    program   0x000000
      .idata_adcclose.o_i    romdata   0x001c39    program   0x000000
       .romdata_adcopen.o    romdata   0x001c39    program   0x000000
  .idata_adcselchconv.o_i    romdata   0x001c39    program   0x000000
  .romdata_adcselchconv.o    romdata   0x001c39    program   0x000000
   .romdata_Firmware1.0.o    romdata   0x001c39    program   0x000000
      .idata_writdata.o_i    romdata   0x001c39    program   0x000000
      .idata_busy_eep.o_i    romdata   0x001c39    program   0x000000
      .romdata_busy_eep.o    romdata   0x001c39    program   0x000000
        .idata_read_B.o_i    romdata   0x001c39    program   0x000000
        .romdata_read_B.o    romdata   0x001c39    program   0x000000
       .romdata_write_B.o    romdata   0x001c39    program   0x000000
      .idata_vfprintf.o_i    romdata   0x001c39    program   0x000000
      .idata_fxd3232u.o_i    romdata   0x001c39    program   0x000000
      .romdata_fxd3232u.o    romdata   0x001c39    program   0x000000
    .idata__user_putc.o_i    romdata   0x001c39    program   0x000000
    .romdata__user_putc.o    romdata   0x001c39    program   0x000000
         .idata_c018i.o_i    romdata   0x001c39    program   0x000000
         .romdata_c018i.o    romdata   0x001c39    program   0x000000
      .idata_openxlcd.o_i    romdata   0x001c39    program   0x000000
      .romdata_openxlcd.o    romdata   0x001c39    program   0x000000
      .idata_putrxlcd.o_i    romdata   0x001c39    program   0x000000
      .romdata_putrxlcd.o    romdata   0x001c39    program   0x000000
      .idata_readdata.o_i    romdata   0x001c39    program   0x000000
      .romdata_readdata.o    romdata   0x001c39    program   0x000000
      .idata_setddram.o_i    romdata   0x001c39    program   0x000000
      .romdata_wcmdxlcd.o    romdata   0x001c39    program   0x000000
      .romdata_setddram.o    romdata   0x001c39    program   0x000000
                   STRING       code   0x001c3a    program   0x000066
            .code_c018i.o       code   0x001c3a    program   0x000000
          .code_adcopen.o       code   0x001ca0    program   0x000062
         .code_putrxlcd.o       code   0x001d02    program   0x000052
         .code_setddram.o       code   0x001d54    program   0x000050
         .code_setcgram.o       code   0x001da4    program   0x000050
         .code_writdata.o       code   0x001df4    program   0x00004e
         .code_wcmdxlcd.o       code   0x001e42    program   0x00004e
         .code_putsxlcd.o       code   0x001e90    program   0x00004e
         .code_fxd3232u.o       code   0x001ede    program   0x000048
          .code_write_B.o       code   0x001f26    program   0x000046
         .code_readdata.o       code   0x001f6c    program   0x000046
         .code_readaddr.o       code   0x001fb2    program   0x000046
         .code_busyxlcd.o       code   0x001ff8    program   0x00003e
           .code_read_B.o       code   0x002036    program   0x000034
             D10KTCYXCODE       code   0x00206a    program   0x00002e
         .code_fxd1616u.o       code   0x002098    program   0x00002c
                    CTYPE       code   0x0020c4    program   0x000024
     .code_adcselchconv.o       code   0x0020e8    program   0x000024
         .code_adcsetch.o       code   0x00210c    program   0x000022
          .code_adcread.o       code   0x00212e    program   0x000022
              D1KTCYXCODE       code   0x002150    program   0x000020
                    .code       code   0x002170    program   0x000020
             _startup_scn       code   0x002190    program   0x00001c
                    STDIO       code   0x0021ac    program   0x00001c
              D10TCYXCODE       code   0x0021c8    program   0x000016
      .romdata_vfprintf.o    romdata   0x0021de    program   0x000011
      .idata_fxd1616u.o_i    romdata   0x0021ef    program   0x000000
      .romdata_fxd1616u.o    romdata   0x0021ef    program   0x000000
        .idata___init.o_i    romdata   0x0021ef    program   0x000000
        .romdata___init.o    romdata   0x0021ef    program   0x000000
       .idata_sprintf.o_i    romdata   0x0021ef    program   0x000000
       .romdata_sprintf.o    romdata   0x0021ef    program   0x000000
       .idata_adcbusy.o_i    romdata   0x0021ef    program   0x000000
      .romdata_writdata.o    romdata   0x0021ef    program   0x000000
      .idata_wcmdxlcd.o_i    romdata   0x0021ef    program   0x000000
      .idata_busyxlcd.o_i    romdata   0x0021ef    program   0x000000
       .idata_fxm3232.o_i    romdata   0x0021ef    program   0x000000
       .romdata_fxm3232.o    romdata   0x0021ef    program   0x000000
      .romdata_busyxlcd.o    romdata   0x0021ef    program   0x000000
          .idata_putc.o_i    romdata   0x0021ef    program   0x000000
          .romdata_putc.o    romdata   0x0021ef    program   0x000000
       .romdata_adcbusy.o    romdata   0x0021ef    program   0x000000
      .romdata_adcsetch.o    romdata   0x0021ef    program   0x000000
      .idata_adcsetch.o_i    romdata   0x0021ef    program   0x000000
      .idata_setcgram.o_i    romdata   0x0021ef    program   0x000000
      .romdata_setcgram.o    romdata   0x0021ef    program   0x000000
       .romdata_adcread.o    romdata   0x0021ef    program   0x000000
       .idata_adcread.o_i    romdata   0x0021ef    program   0x000000
       .romdata_adcconv.o    romdata   0x0021ef    program   0x000000
       .idata_adcconv.o_i    romdata   0x0021ef    program   0x000000
      .romdata_readaddr.o    romdata   0x0021ef    program   0x000000
      .idata_readaddr.o_i    romdata   0x0021ef    program   0x000000
      .romdata_putsxlcd.o    romdata   0x0021ef    program   0x000000
       .idata_write_B.o_i    romdata   0x0021ef    program   0x000000
      .idata_putsxlcd.o_i    romdata   0x0021ef    program   0x000000
          .code_adcbusy.o       code   0x0021f0    program   0x00000c
         .code_busy_eep.o       code   0x0021fc    program   0x000006
         .code_adcclose.o       code   0x002202    program   0x000006
          .code_adcconv.o       code   0x002208    program   0x000004
           .code___init.o       code   0x00220c    program   0x000002
   .idata_Firmware1.0.o_i    romdata   0x00220e    program   0x0000b3
.config_300000_Firmware1.0.o    romdata   0x300000    program   0x000001
.config_300001_Firmware1.0.o    romdata   0x300001    program   0x000001
.config_300002_Firmware1.0.o    romdata   0x300002    program   0x000001
.config_300003_Firmware1.0.o    romdata   0x300003    program   0x000001
.config_300005_Firmware1.0.o    romdata   0x300005    program   0x000001
.config_300006_Firmware1.0.o    romdata   0x300006    program   0x000001
.config_300008_Firmware1.0.o    romdata   0x300008    program   0x000001
.config_300009_Firmware1.0.o    romdata   0x300009    program   0x000001
.config_30000a_Firmware1.0.o    romdata   0x30000a    program   0x000001
.config_30000b_Firmware1.0.o    romdata   0x30000b    program   0x000001
.config_30000c_Firmware1.0.o    romdata   0x30000c    program   0x000001
.config_30000d_Firmware1.0.o    romdata   0x30000d    program   0x000001
                MATH_DATA      udata   0x000000       data   0x000014
                 .tmpdata      udata   0x000014       data   0x000007
 InterruptHandlerHigh_tmp      udata   0x00001b       data   0x000004
                DELAYDAT2      udata   0x00001f       data   0x000001
                DELAYDAT1      udata   0x000020       data   0x000001
     .udata_Firmware1.0.o      udata   0x000060       data   0x000068
           .udata_c018i.o      udata   0x0000c8       data   0x00000a
        .udata_fxd1616u.o      udata   0x0000d2       data   0x000000
         .idata_write_B.o      idata   0x0000d2       data   0x000000
         .udata_write_B.o      udata   0x0000d2       data   0x000000
          .idata_read_B.o      idata   0x0000d2       data   0x000000
          .udata_read_B.o      udata   0x0000d2       data   0x000000
        .idata_busy_eep.o      idata   0x0000d2       data   0x000000
        .udata_busy_eep.o      udata   0x0000d2       data   0x000000
        .idata_adcsetch.o      idata   0x0000d2       data   0x000000
        .udata_adcsetch.o      udata   0x0000d2       data   0x000000
    .idata_adcselchconv.o      idata   0x0000d2       data   0x000000
    .udata_adcselchconv.o      udata   0x0000d2       data   0x000000
        .idata_fxd1616u.o      idata   0x0000d2       data   0x000000
          .udata___init.o      udata   0x0000d2       data   0x000000
          .idata___init.o      idata   0x0000d2       data   0x000000
         .udata_sprintf.o      udata   0x0000d2       data   0x000000
         .idata_sprintf.o      idata   0x0000d2       data   0x000000
        .udata_vfprintf.o      udata   0x0000d2       data   0x000000
        .idata_vfprintf.o      idata   0x0000d2       data   0x000000
        .udata_fxd3232u.o      udata   0x0000d2       data   0x000000
        .idata_fxd3232u.o      idata   0x0000d2       data   0x000000
         .udata_fxm3232.o      udata   0x0000d2       data   0x000000
         .idata_fxm3232.o      idata   0x0000d2       data   0x000000
            .udata_putc.o      udata   0x0000d2       data   0x000000
            .idata_putc.o      idata   0x0000d2       data   0x000000
      .udata__user_putc.o      udata   0x0000d2       data   0x000000
      .idata__user_putc.o      idata   0x0000d2       data   0x000000
           .idata_c018i.o      idata   0x0000d2       data   0x000000
        .udata_busyxlcd.o      udata   0x0000d2       data   0x000000
        .idata_busyxlcd.o      idata   0x0000d2       data   0x000000
        .udata_openxlcd.o      udata   0x0000d2       data   0x000000
        .idata_openxlcd.o      idata   0x0000d2       data   0x000000
        .udata_putrxlcd.o      udata   0x0000d2       data   0x000000
        .idata_putrxlcd.o      idata   0x0000d2       data   0x000000
        .udata_putsxlcd.o      udata   0x0000d2       data   0x000000
        .idata_putsxlcd.o      idata   0x0000d2       data   0x000000
        .udata_readaddr.o      udata   0x0000d2       data   0x000000
        .idata_readaddr.o      idata   0x0000d2       data   0x000000
        .udata_readdata.o      udata   0x0000d2       data   0x000000
        .idata_readdata.o      idata   0x0000d2       data   0x000000
        .udata_setcgram.o      udata   0x0000d2       data   0x000000
        .idata_setcgram.o      idata   0x0000d2       data   0x000000
        .udata_setddram.o      udata   0x0000d2       data   0x000000
         .idata_adcread.o      idata   0x0000d2       data   0x000000
         .udata_adcread.o      udata   0x0000d2       data   0x000000
         .idata_adcopen.o      idata   0x0000d2       data   0x000000
         .udata_adcopen.o      udata   0x0000d2       data   0x000000
         .idata_adcconv.o      idata   0x0000d2       data   0x000000
         .udata_adcconv.o      udata   0x0000d2       data   0x000000
        .idata_adcclose.o      idata   0x0000d2       data   0x000000
        .udata_adcclose.o      udata   0x0000d2       data   0x000000
         .idata_adcbusy.o      idata   0x0000d2       data   0x000000
         .udata_adcbusy.o      udata   0x0000d2       data   0x000000
        .idata_writdata.o      idata   0x0000d2       data   0x000000
        .udata_writdata.o      udata   0x0000d2       data   0x000000
        .idata_wcmdxlcd.o      idata   0x0000d2       data   0x000000
        .udata_wcmdxlcd.o      udata   0x0000d2       data   0x000000
        .idata_setddram.o      idata   0x0000d2       data   0x000000
     .idata_Firmware1.0.o      idata   0x000100       data   0x0000b3
                   .stack      udata   0x000300       data   0x000100
            SFR_UNBANKED0      udata   0x000f62       data   0x00009e



                              Program Memory Usage 
                               Start         End      
                           ---------   ---------      
                            0x000000    0x001c38      
                            0x001c3a    0x0021ee      
                            0x0021f0    0x0022c0      
                            0x300000    0x300003      
                            0x300005    0x300006      
                            0x300008    0x30000d      
            8907 out of 33048 program addresses used, program memory utilization is 26%



                              Symbols - Sorted by Name
                     Name    Address   Location    Storage File                     
                ---------  ---------  ---------  --------- ---------                
                  BusyADC   0x0021f0    program     extern C:\MCC18\src\pmc_common\ADC\adcbusy.c
                 BusyXLCD   0x001ff8    program     extern C:\MCC18\src\pmc_common\XLCD\busyxlcd.c
                 Busy_eep   0x0021fc    program     extern C:\MCC18\src\pmc_common\EEP\busy_eep.c
                 CloseADC   0x002202    program     extern C:\MCC18\src\pmc_common\ADC\adcclose.c
               ConvertADC   0x002208    program     extern C:\MCC18\src\pmc_common\ADC\adcconv.c
                   D10K_1   0x002076    program     static C:\MCC18\src\traditional\delays\d10ktcyx.asm
                    D10Kl   0x002082    program     static C:\MCC18\src\traditional\delays\d10ktcyx.asm
                    D10Kx   0x002074    program     static C:\MCC18\src\traditional\delays\d10ktcyx.asm
                    D10_1   0x0021d8    program     static C:\MCC18\src\traditional\delays\d10tcyx.asm
                     D10x   0x0021d0    program     static C:\MCC18\src\traditional\delays\d10tcyx.asm
                   D1616S   0x0019ba    program     static C:\MCC18\src\traditional\math\fxd1616s.asm
                D1616SNEG   0x0019c8    program     static C:\MCC18\src\traditional\math\fxd1616s.asm
                 D1616SOK   0x0019c4    program     static C:\MCC18\src\traditional\math\fxd1616s.asm
                  D1616SX   0x0019da    program     static C:\MCC18\src\traditional\math\fxd1616s.asm
                    D1K_1   0x00215c    program     static C:\MCC18\src\traditional\delays\d1ktcyx.asm
                     D1Kx   0x00215a    program     static C:\MCC18\src\traditional\delays\d1ktcyx.asm
                  DA1616S   0x0019aa    program     static C:\MCC18\src\traditional\math\fxd1616s.asm
             Delay10KTCYx   0x00206a    program     extern C:\MCC18\src\traditional\delays\d10ktcyx.asm
              Delay10TCYx   0x0021c8    program     extern C:\MCC18\src\traditional\delays\d10tcyx.asm
              Delay1KTCYx   0x002150    program     extern C:\MCC18\src\traditional\delays\d1ktcyx.asm
            DelayFor18TCY   0x000cd8    program     extern C:\Users\Administrator\Documents\HOBBIES\ESTUFA PELLET\Electronica\Programa PIC\Firmware1.0.c
             DelayPORXLCD   0x000ce4    program     extern C:\Users\Administrator\Documents\HOBBIES\ESTUFA PELLET\Electronica\Programa PIC\Firmware1.0.c
                DelayXLCD   0x000cf0    program     extern C:\Users\Administrator\Documents\HOBBIES\ESTUFA PELLET\Electronica\Programa PIC\Firmware1.0.c
                 FXD1616S   0x001998    program     extern C:\MCC18\src\traditional\math\fxd1616s.asm
                 FXD1616U   0x002098    program     extern C:\MCC18\src\traditional\math\fxd1616u.c
                 FXD3232U   0x001ede    program     extern C:\MCC18\src\traditional\math\fxd3232u.c
                 FXM1616S   0x0019e4    program     extern C:\MCC18\src\traditional\math\fxm1616s.asm
                  FXM3232   0x001b60    program     extern C:\MCC18\src\traditional\math\fxm3232.c
     InterruptHandlerHigh   0x00132c    program     extern C:\Users\Administrator\Documents\HOBBIES\ESTUFA PELLET\Electronica\Programa PIC\Firmware1.0.c
      InterruptVectorHigh   0x000008    program     extern C:\Users\Administrator\Documents\HOBBIES\ESTUFA PELLET\Electronica\Programa PIC\Firmware1.0.c
                  OpenADC   0x001ca0    program     extern C:\MCC18\src\pmc_common\ADC\adcopen.c
                 OpenXLCD   0x001822    program     extern C:\MCC18\src\pmc_common\XLCD\openxlcd.c
                  ReadADC   0x00212e    program     extern C:\MCC18\src\pmc_common\ADC\adcread.c
             ReadAddrXLCD   0x001fb2    program     extern C:\MCC18\src\pmc_common\XLCD\readaddr.c
             ReadDataXLCD   0x001f6c    program     extern C:\MCC18\src\pmc_common\XLCD\readdata.c
               Read_b_eep   0x002036    program     extern C:\MCC18\src\pmc_common\EEP\read_B.c
           SelChanConvADC   0x0020e8    program     extern C:\MCC18\src\pmc_common\ADC\adcselchconv.c
             SetCGRamAddr   0x001da4    program     extern C:\MCC18\src\pmc_common\XLCD\setcgram.c
               SetChanADC   0x00210c    program     extern C:\MCC18\src\pmc_common\ADC\adcsetch.c
             SetDDRamAddr   0x001d54    program     extern C:\MCC18\src\pmc_common\XLCD\setddram.c
               TSIGN1616A   0x001a30    program     static C:\MCC18\src\traditional\math\fxm1616s.asm
             WriteCmdXLCD   0x001e42    program     extern C:\MCC18\src\pmc_common\XLCD\wcmdxlcd.c
            WriteDataXLCD   0x001df4    program     extern C:\MCC18\src\pmc_common\XLCD\writdata.c
              Write_b_eep   0x001f26    program     extern C:\MCC18\src\pmc_common\EEP\write_B.c
                   _2jEnd   0x001c8a    program     static C:\MCC18\src\traditional\stdclib\slenpgm.asm
       _D10KTCYXCODE_0010   0x00207a    program     static C:\MCC18\src\traditional\delays\d10ktcyx.asm
       _D10KTCYXCODE_001C   0x002086    program     static C:\MCC18\src\traditional\delays\d10ktcyx.asm
        _D10TCYXCODE_000A   0x0021d2    program     static C:\MCC18\src\traditional\delays\d10tcyx.asm
        _D10TCYXCODE_000C   0x0021d4    program     static C:\MCC18\src\traditional\delays\d10tcyx.asm
        _D10TCYXCODE_000E   0x0021d6    program     static C:\MCC18\src\traditional\delays\d10tcyx.asm
        _D1KTCYXCODE_0010   0x002160    program     static C:\MCC18\src\traditional\delays\d1ktcyx.asm
        _D1KTCYXCODE_0016   0x002166    program     static C:\MCC18\src\traditional\delays\d1ktcyx.asm
       ___return_lbl00000   0x001f24    program     static                          
       ___return_lbl00000   0x001bce    program     static                          
       ___return_lbl00000   0x0020c2    program     static                          
       ___return_lbl00000   0x000004    program     static                          
       ___return_lbl00001   0x0021aa    program     static                          
       ___return_lbl00002   0x001ada    program     static                          
       ___return_lbl00053   0x00000c    program     static                          
               __config_0   0x300000    program     static C:\Users\Administrator\Documents\HOBBIES\ESTUFA PELLET\Electronica\Programa PIC\Firmware1.0.c
               __config_1   0x300001    program     static C:\Users\Administrator\Documents\HOBBIES\ESTUFA PELLET\Electronica\Programa PIC\Firmware1.0.c
              __config_10   0x30000c    program     static C:\Users\Administrator\Documents\HOBBIES\ESTUFA PELLET\Electronica\Programa PIC\Firmware1.0.c
              __config_11   0x30000d    program     static C:\Users\Administrator\Documents\HOBBIES\ESTUFA PELLET\Electronica\Programa PIC\Firmware1.0.c
               __config_2   0x300002    program     static C:\Users\Administrator\Documents\HOBBIES\ESTUFA PELLET\Electronica\Programa PIC\Firmware1.0.c
               __config_3   0x300003    program     static C:\Users\Administrator\Documents\HOBBIES\ESTUFA PELLET\Electronica\Programa PIC\Firmware1.0.c
               __config_4   0x300005    program     static C:\Users\Administrator\Documents\HOBBIES\ESTUFA PELLET\Electronica\Programa PIC\Firmware1.0.c
               __config_5   0x300006    program     static C:\Users\Administrator\Documents\HOBBIES\ESTUFA PELLET\Electronica\Programa PIC\Firmware1.0.c
               __config_6   0x300008    program     static C:\Users\Administrator\Documents\HOBBIES\ESTUFA PELLET\Electronica\Programa PIC\Firmware1.0.c
               __config_7   0x300009    program     static C:\Users\Administrator\Documents\HOBBIES\ESTUFA PELLET\Electronica\Programa PIC\Firmware1.0.c
               __config_8   0x30000a    program     static C:\Users\Administrator\Documents\HOBBIES\ESTUFA PELLET\Electronica\Programa PIC\Firmware1.0.c
               __config_9   0x30000b    program     static C:\Users\Administrator\Documents\HOBBIES\ESTUFA PELLET\Electronica\Programa PIC\Firmware1.0.c
                   __init   0x00220c    program     extern C:\MCC18\src\traditional\stdclib\__init.c
                   __pa_0   0x00095c    program     static C:\MCC18\src\traditional\stdclib\vfprintf.c
                   __pa_1   0x000964    program     static C:\MCC18\src\traditional\stdclib\vfprintf.c
                  __pa_10   0x000a18    program     static C:\MCC18\src\traditional\stdclib\vfprintf.c
                  __pa_11   0x000a26    program     static C:\MCC18\src\traditional\stdclib\vfprintf.c
                  __pa_12   0x000a3c    program     static C:\MCC18\src\traditional\stdclib\vfprintf.c
                  __pa_13   0x000a56    program     static C:\MCC18\src\traditional\stdclib\vfprintf.c
                  __pa_14   0x000a6e    program     static C:\MCC18\src\traditional\stdclib\vfprintf.c
                  __pa_15   0x000a7e    program     static C:\MCC18\src\traditional\stdclib\vfprintf.c
                  __pa_16   0x000a94    program     static C:\MCC18\src\traditional\stdclib\vfprintf.c
                  __pa_17   0x000aa6    program     static C:\MCC18\src\traditional\stdclib\vfprintf.c
                  __pa_18   0x000ab8    program     static C:\MCC18\src\traditional\stdclib\vfprintf.c
                  __pa_19   0x000ac2    program     static C:\MCC18\src\traditional\stdclib\vfprintf.c
                   __pa_2   0x00096e    program     static C:\MCC18\src\traditional\stdclib\vfprintf.c
                  __pa_20   0x000ad2    program     static C:\MCC18\src\traditional\stdclib\vfprintf.c
                  __pa_21   0x000ae2    program     static C:\MCC18\src\traditional\stdclib\vfprintf.c
                  __pa_22   0x000af2    program     static C:\MCC18\src\traditional\stdclib\vfprintf.c
                  __pa_23   0x000afe    program     static C:\MCC18\src\traditional\stdclib\vfprintf.c
                  __pa_24   0x000b0c    program     static C:\MCC18\src\traditional\stdclib\vfprintf.c
                  __pa_25   0x000b14    program     static C:\MCC18\src\traditional\stdclib\vfprintf.c
                  __pa_26   0x000b1e    program     static C:\MCC18\src\traditional\stdclib\vfprintf.c
                  __pa_27   0x000b28    program     static C:\MCC18\src\traditional\stdclib\vfprintf.c
                  __pa_28   0x000b30    program     static C:\MCC18\src\traditional\stdclib\vfprintf.c
                  __pa_29   0x000b3e    program     static C:\MCC18\src\traditional\stdclib\vfprintf.c
                   __pa_3   0x000978    program     static C:\MCC18\src\traditional\stdclib\vfprintf.c
                  __pa_30   0x000b5a    program     static C:\MCC18\src\traditional\stdclib\vfprintf.c
                  __pa_31   0x000b74    program     static C:\MCC18\src\traditional\stdclib\vfprintf.c
                  __pa_32   0x000b8e    program     static C:\MCC18\src\traditional\stdclib\vfprintf.c
                  __pa_33   0x000ba6    program     static C:\MCC18\src\traditional\stdclib\vfprintf.c
                  __pa_34   0x000bb0    program     static C:\MCC18\src\traditional\stdclib\vfprintf.c
                  __pa_35   0x000bbe    program     static C:\MCC18\src\traditional\stdclib\vfprintf.c
                  __pa_36   0x000bc6    program     static C:\MCC18\src\traditional\stdclib\vfprintf.c
                  __pa_37   0x000bd0    program     static C:\MCC18\src\traditional\stdclib\vfprintf.c
                  __pa_38   0x000be0    program     static C:\MCC18\src\traditional\stdclib\vfprintf.c
                  __pa_39   0x000bee    program     static C:\MCC18\src\traditional\stdclib\vfprintf.c
                   __pa_4   0x000990    program     static C:\MCC18\src\traditional\stdclib\vfprintf.c
                  __pa_40   0x000bfa    program     static C:\MCC18\src\traditional\stdclib\vfprintf.c
                  __pa_41   0x000c06    program     static C:\MCC18\src\traditional\stdclib\vfprintf.c
                  __pa_42   0x000c0e    program     static C:\MCC18\src\traditional\stdclib\vfprintf.c
                  __pa_43   0x000c18    program     static C:\MCC18\src\traditional\stdclib\vfprintf.c
                  __pa_44   0x000c1e    program     static C:\MCC18\src\traditional\stdclib\vfprintf.c
                  __pa_45   0x000c28    program     static C:\MCC18\src\traditional\stdclib\vfprintf.c
                  __pa_46   0x000c34    program     static C:\MCC18\src\traditional\stdclib\vfprintf.c
                   __pa_5   0x0009a4    program     static C:\MCC18\src\traditional\stdclib\vfprintf.c
                   __pa_6   0x0009c0    program     static C:\MCC18\src\traditional\stdclib\vfprintf.c
                   __pa_7   0x0009ca    program     static C:\MCC18\src\traditional\stdclib\vfprintf.c
                   __pa_8   0x0009d6    program     static C:\MCC18\src\traditional\stdclib\vfprintf.c
                   __pa_9   0x0009f8    program     static C:\MCC18\src\traditional\stdclib\vfprintf.c
              __string_13   0x001c2e    program     static C:\Users\Administrator\Documents\HOBBIES\ESTUFA PELLET\Electronica\Programa PIC\Firmware1.0.c
              __string_14   0x001c1d    program     static C:\Users\Administrator\Documents\HOBBIES\ESTUFA PELLET\Electronica\Programa PIC\Firmware1.0.c
              __string_15   0x001c10    program     static C:\Users\Administrator\Documents\HOBBIES\ESTUFA PELLET\Electronica\Programa PIC\Firmware1.0.c
              __string_16   0x001c01    program     static C:\Users\Administrator\Documents\HOBBIES\ESTUFA PELLET\Electronica\Programa PIC\Firmware1.0.c
              __string_17   0x001bf7    program     static C:\Users\Administrator\Documents\HOBBIES\ESTUFA PELLET\Electronica\Programa PIC\Firmware1.0.c
              __string_18   0x001bf2    program     static C:\Users\Administrator\Documents\HOBBIES\ESTUFA PELLET\Electronica\Programa PIC\Firmware1.0.c
              __string_19   0x001be1    program     static C:\Users\Administrator\Documents\HOBBIES\ESTUFA PELLET\Electronica\Programa PIC\Firmware1.0.c
              __string_20   0x001bd0    program     static C:\Users\Administrator\Documents\HOBBIES\ESTUFA PELLET\Electronica\Programa PIC\Firmware1.0.c
              __tmplbl_42   0x000af2    program     static                          
              __tmplbl_43   0x00093a    program     static                          
              __tmplbl_44   0x000920    program     static                          
              __tmplbl_85   0x000072    program     static                          
            __zero_memory   0x002170    program     extern C:\MCC18\src\traditional\proc\p18F4550.asm
                _do_cinit   0x001a3e    program     extern C:\MCC18\src\traditional\startup\c018i.c
                   _entry   0x000000    program     extern C:\MCC18\src\traditional\startup\c018i.c
                   _false   0x001f20    program     static                          
                 _startup   0x002190    program     extern C:\MCC18\src\traditional\startup\c018i.c
              _usart_putc   0x0021ac    program     extern C:\MCC18\src\pmc_common\USART\_usartpc.asm
               _user_putc   0x000006    program     extern C:\MCC18\src\traditional\stdclib\_user_putc.c
                  cmdXLCD   0x000cb2    program     extern C:\Users\Administrator\Documents\HOBBIES\ESTUFA PELLET\Electronica\Programa PIC\Firmware1.0.c
                compare_l   0x002186    program     static C:\MCC18\src\traditional\proc\p18F4550.asm
                   config   0x000c3e    program     extern C:\Users\Administrator\Documents\HOBBIES\ESTUFA PELLET\Electronica\Programa PIC\Firmware1.0.c
                copy_loop   0x001ab0    program     static                          
            copy_one_byte   0x001ab6    program     static                          
                     done   0x001ada    program     static                          
             done_copying   0x001ac4    program     static                          
                  endloop   0x0020be    program     static                          
               gotoxyXLCD   0x000cfc    program     extern C:\Users\Administrator\Documents\HOBBIES\ESTUFA PELLET\Electronica\Programa PIC\Firmware1.0.c
                  isdigit   0x0020c4    program     extern C:\MCC18\src\traditional\stdclib\isdigit.asm
                     jEnd   0x001c54    program     static C:\MCC18\src\traditional\stdclib\strlen.asm
                     jEnd   0x001c8c    program     static C:\MCC18\src\traditional\stdclib\slenpgm.asm
                    jLoop   0x001c74    program     static C:\MCC18\src\traditional\stdclib\slenpgm.asm
                    jLoop   0x001c4a    program     static C:\MCC18\src\traditional\stdclib\strlen.asm
                   jMatch   0x0020e4    program     static C:\MCC18\src\traditional\stdclib\isdigit.asm
                 jNoMatch   0x0020e6    program     static C:\MCC18\src\traditional\stdclib\isdigit.asm
                     loop   0x001eec    program     static                          
                     loop   0x0021bc    program     static C:\MCC18\src\pmc_common\USART\_usartpc.asm
                     loop   0x0020a2    program     static                          
                     loop   0x0021a0    program     static                          
                   loop_h   0x00217e    program     static C:\MCC18\src\traditional\proc\p18F4550.asm
                   loop_l   0x002188    program     static C:\MCC18\src\traditional\proc\p18F4550.asm
                     main   0x000d30    program     extern C:\Users\Administrator\Documents\HOBBIES\ESTUFA PELLET\Electronica\Programa PIC\Firmware1.0.c
                     putc   0x001adc    program     extern C:\MCC18\src\traditional\stdclib\putc.c
                putrsXLCD   0x001d02    program     extern C:\MCC18\src\pmc_common\XLCD\putrxlcd.c
                 putsXLCD   0x001e90    program     extern C:\MCC18\src\pmc_common\XLCD\putsxlcd.c
                 s_digits   0x0021de    program     static C:\MCC18\src\traditional\stdclib\vfprintf.c
            s_put_n_chars   0x00001c    program     static C:\MCC18\src\traditional\stdclib\vfprintf.c
                  sprintf   0x0018ec    program     extern C:\MCC18\src\traditional\stdclib\sprintf.c
                   strlen   0x001c3a    program     extern C:\MCC18\src\traditional\stdclib\strlen.asm
                strlenpgm   0x001c56    program     extern C:\MCC18\src\traditional\stdclib\slenpgm.asm
                     test   0x001a58    program     static                          
                 vfprintf   0x000048    program     extern C:\MCC18\src\traditional\stdclib\vfprintf.c
               zero_block   0x00217e    program     static C:\MCC18\src\traditional\proc\p18F4550.asm
                   ADCON0   0x000fc2       data     extern C:\MCC18\src\traditional\proc\p18F4550.asm
               ADCON0bits   0x000fc2       data     extern C:\MCC18\src\traditional\proc\p18F4550.asm
                   ADCON1   0x000fc1       data     extern C:\MCC18\src\traditional\proc\p18F4550.asm
               ADCON1bits   0x000fc1       data     extern C:\MCC18\src\traditional\proc\p18F4550.asm
                   ADCON2   0x000fc0       data     extern C:\MCC18\src\traditional\proc\p18F4550.asm
               ADCON2bits   0x000fc0       data     extern C:\MCC18\src\traditional\proc\p18F4550.asm
                    ADRES   0x000fc3       data     extern C:\MCC18\src\traditional\proc\p18F4550.asm
                   ADRESH   0x000fc4       data     extern C:\MCC18\src\traditional\proc\p18F4550.asm
                   ADRESL   0x000fc3       data     extern C:\MCC18\src\traditional\proc\p18F4550.asm
                  BAUDCON   0x000fb8       data     extern C:\MCC18\src\traditional\proc\p18F4550.asm
              BAUDCONbits   0x000fb8       data     extern C:\MCC18\src\traditional\proc\p18F4550.asm
                      BSR   0x000fe0       data     extern C:\MCC18\src\traditional\proc\p18F4550.asm
                   CCP1AS   0x000fb6       data     extern C:\MCC18\src\traditional\proc\p18F4550.asm
               CCP1ASbits   0x000fb6       data     extern C:\MCC18\src\traditional\proc\p18F4550.asm
                  CCP1CON   0x000fbd       data     extern C:\MCC18\src\traditional\proc\p18F4550.asm
              CCP1CONbits   0x000fbd       data     extern C:\MCC18\src\traditional\proc\p18F4550.asm
                  CCP1DEL   0x000fb7       data     extern C:\MCC18\src\traditional\proc\p18F4550.asm
              CCP1DELbits   0x000fb7       data     extern C:\MCC18\src\traditional\proc\p18F4550.asm
                  CCP2CON   0x000fba       data     extern C:\MCC18\src\traditional\proc\p18F4550.asm
              CCP2CONbits   0x000fba       data     extern C:\MCC18\src\traditional\proc\p18F4550.asm
                    CCPR1   0x000fbe       data     extern C:\MCC18\src\traditional\proc\p18F4550.asm
                   CCPR1H   0x000fbf       data     extern C:\MCC18\src\traditional\proc\p18F4550.asm
                   CCPR1L   0x000fbe       data     extern C:\MCC18\src\traditional\proc\p18F4550.asm
                    CCPR2   0x000fbb       data     extern C:\MCC18\src\traditional\proc\p18F4550.asm
                   CCPR2H   0x000fbc       data     extern C:\MCC18\src\traditional\proc\p18F4550.asm
                   CCPR2L   0x000fbb       data     extern C:\MCC18\src\traditional\proc\p18F4550.asm
                    CMCON   0x000fb4       data     extern C:\MCC18\src\traditional\proc\p18F4550.asm
                CMCONbits   0x000fb4       data     extern C:\MCC18\src\traditional\proc\p18F4550.asm
                   CVRCON   0x000fb5       data     extern C:\MCC18\src\traditional\proc\p18F4550.asm
               CVRCONbits   0x000fb5       data     extern C:\MCC18\src\traditional\proc\p18F4550.asm
                     DDRA   0x000f92       data     extern C:\MCC18\src\traditional\proc\p18F4550.asm
                 DDRAbits   0x000f92       data     extern C:\MCC18\src\traditional\proc\p18F4550.asm
                     DDRB   0x000f93       data     extern C:\MCC18\src\traditional\proc\p18F4550.asm
                 DDRBbits   0x000f93       data     extern C:\MCC18\src\traditional\proc\p18F4550.asm
                     DDRC   0x000f94       data     extern C:\MCC18\src\traditional\proc\p18F4550.asm
                 DDRCbits   0x000f94       data     extern C:\MCC18\src\traditional\proc\p18F4550.asm
                     DDRD   0x000f95       data     extern C:\MCC18\src\traditional\proc\p18F4550.asm
                 DDRDbits   0x000f95       data     extern C:\MCC18\src\traditional\proc\p18F4550.asm
                     DDRE   0x000f96       data     extern C:\MCC18\src\traditional\proc\p18F4550.asm
                 DDREbits   0x000f96       data     extern C:\MCC18\src\traditional\proc\p18F4550.asm
            DelayCounter1   0x000020       data     extern C:\MCC18\src\traditional\delays\delayd1.asm
            DelayCounter2   0x00001f       data     extern C:\MCC18\src\traditional\delays\delayd2.asm
                  ECCP1AS   0x000fb6       data     extern C:\MCC18\src\traditional\proc\p18F4550.asm
              ECCP1ASbits   0x000fb6       data     extern C:\MCC18\src\traditional\proc\p18F4550.asm
                 ECCP1CON   0x000fbd       data     extern C:\MCC18\src\traditional\proc\p18F4550.asm
             ECCP1CONbits   0x000fbd       data     extern C:\MCC18\src\traditional\proc\p18F4550.asm
                 ECCP1DEL   0x000fb7       data     extern C:\MCC18\src\traditional\proc\p18F4550.asm
             ECCP1DELbits   0x000fb7       data     extern C:\MCC18\src\traditional\proc\p18F4550.asm
                    EEADR   0x000fa9       data     extern C:\MCC18\src\traditional\proc\p18F4550.asm
                   EECON1   0x000fa6       data     extern C:\MCC18\src\traditional\proc\p18F4550.asm
               EECON1bits   0x000fa6       data     extern C:\MCC18\src\traditional\proc\p18F4550.asm
                   EECON2   0x000fa7       data     extern C:\MCC18\src\traditional\proc\p18F4550.asm
                   EEDATA   0x000fa8       data     extern C:\MCC18\src\traditional\proc\p18F4550.asm
                  EEPRead   0x0000b9       data     extern C:\Users\Administrator\Documents\HOBBIES\ESTUFA PELLET\Electronica\Programa PIC\Firmware1.0.c
                 EEPWrite   0x0001a3       data     extern C:\Users\Administrator\Documents\HOBBIES\ESTUFA PELLET\Electronica\Programa PIC\Firmware1.0.c
                    Error   0x0001b2       data     extern C:\Users\Administrator\Documents\HOBBIES\ESTUFA PELLET\Electronica\Programa PIC\Firmware1.0.c
                     FSR0   0x000fe9       data     extern C:\MCC18\src\traditional\proc\p18F4550.asm
                    FSR0H   0x000fea       data     extern C:\MCC18\src\traditional\proc\p18F4550.asm
                    FSR0L   0x000fe9       data     extern C:\MCC18\src\traditional\proc\p18F4550.asm
                     FSR1   0x000fe1       data     extern C:\MCC18\src\traditional\proc\p18F4550.asm
                    FSR1H   0x000fe2       data     extern C:\MCC18\src\traditional\proc\p18F4550.asm
                    FSR1L   0x000fe1       data     extern C:\MCC18\src\traditional\proc\p18F4550.asm
                     FSR2   0x000fd9       data     extern C:\MCC18\src\traditional\proc\p18F4550.asm
                    FSR2H   0x000fda       data     extern C:\MCC18\src\traditional\proc\p18F4550.asm
                    FSR2L   0x000fd9       data     extern C:\MCC18\src\traditional\proc\p18F4550.asm
                  HLVDCON   0x000fd2       data     extern C:\MCC18\src\traditional\proc\p18F4550.asm
              HLVDCONbits   0x000fd2       data     extern C:\MCC18\src\traditional\proc\p18F4550.asm
                    INDF0   0x000fef       data     extern C:\MCC18\src\traditional\proc\p18F4550.asm
                    INDF1   0x000fe7       data     extern C:\MCC18\src\traditional\proc\p18F4550.asm
                    INDF2   0x000fdf       data     extern C:\MCC18\src\traditional\proc\p18F4550.asm
                   INTCON   0x000ff2       data     extern C:\MCC18\src\traditional\proc\p18F4550.asm
                  INTCON2   0x000ff1       data     extern C:\MCC18\src\traditional\proc\p18F4550.asm
              INTCON2bits   0x000ff1       data     extern C:\MCC18\src\traditional\proc\p18F4550.asm
                  INTCON3   0x000ff0       data     extern C:\MCC18\src\traditional\proc\p18F4550.asm
              INTCON3bits   0x000ff0       data     extern C:\MCC18\src\traditional\proc\p18F4550.asm
               INTCONbits   0x000ff2       data     extern C:\MCC18\src\traditional\proc\p18F4550.asm
                     IPR1   0x000f9f       data     extern C:\MCC18\src\traditional\proc\p18F4550.asm
                 IPR1bits   0x000f9f       data     extern C:\MCC18\src\traditional\proc\p18F4550.asm
                     IPR2   0x000fa2       data     extern C:\MCC18\src\traditional\proc\p18F4550.asm
                 IPR2bits   0x000fa2       data     extern C:\MCC18\src\traditional\proc\p18F4550.asm
                     LATA   0x000f89       data     extern C:\MCC18\src\traditional\proc\p18F4550.asm
                 LATAbits   0x000f89       data     extern C:\MCC18\src\traditional\proc\p18F4550.asm
                     LATB   0x000f8a       data     extern C:\MCC18\src\traditional\proc\p18F4550.asm
                 LATBbits   0x000f8a       data     extern C:\MCC18\src\traditional\proc\p18F4550.asm
                     LATC   0x000f8b       data     extern C:\MCC18\src\traditional\proc\p18F4550.asm
                 LATCbits   0x000f8b       data     extern C:\MCC18\src\traditional\proc\p18F4550.asm
                     LATD   0x000f8c       data     extern C:\MCC18\src\traditional\proc\p18F4550.asm
                 LATDbits   0x000f8c       data     extern C:\MCC18\src\traditional\proc\p18F4550.asm
                     LATE   0x000f8d       data     extern C:\MCC18\src\traditional\proc\p18F4550.asm
                 LATEbits   0x000f8d       data     extern C:\MCC18\src\traditional\proc\p18F4550.asm
                   LVDCON   0x000fd2       data     extern C:\MCC18\src\traditional\proc\p18F4550.asm
               LVDCONbits   0x000fd2       data     extern C:\MCC18\src\traditional\proc\p18F4550.asm
                   OSCCON   0x000fd3       data     extern C:\MCC18\src\traditional\proc\p18F4550.asm
               OSCCONbits   0x000fd3       data     extern C:\MCC18\src\traditional\proc\p18F4550.asm
                  OSCTUNE   0x000f9b       data     extern C:\MCC18\src\traditional\proc\p18F4550.asm
              OSCTUNEbits   0x000f9b       data     extern C:\MCC18\src\traditional\proc\p18F4550.asm
                       PC   0x000ff9       data     extern C:\MCC18\src\traditional\proc\p18F4550.asm
                      PCL   0x000ff9       data     extern C:\MCC18\src\traditional\proc\p18F4550.asm
                   PCLATH   0x000ffa       data     extern C:\MCC18\src\traditional\proc\p18F4550.asm
                   PCLATU   0x000ffb       data     extern C:\MCC18\src\traditional\proc\p18F4550.asm
                     PIE1   0x000f9d       data     extern C:\MCC18\src\traditional\proc\p18F4550.asm
                 PIE1bits   0x000f9d       data     extern C:\MCC18\src\traditional\proc\p18F4550.asm
                     PIE2   0x000fa0       data     extern C:\MCC18\src\traditional\proc\p18F4550.asm
                 PIE2bits   0x000fa0       data     extern C:\MCC18\src\traditional\proc\p18F4550.asm
                     PIR1   0x000f9e       data     extern C:\MCC18\src\traditional\proc\p18F4550.asm
                 PIR1bits   0x000f9e       data     extern C:\MCC18\src\traditional\proc\p18F4550.asm
                     PIR2   0x000fa1       data     extern C:\MCC18\src\traditional\proc\p18F4550.asm
                 PIR2bits   0x000fa1       data     extern C:\MCC18\src\traditional\proc\p18F4550.asm
                   PLUSW0   0x000feb       data     extern C:\MCC18\src\traditional\proc\p18F4550.asm
                   PLUSW1   0x000fe3       data     extern C:\MCC18\src\traditional\proc\p18F4550.asm
                   PLUSW2   0x000fdb       data     extern C:\MCC18\src\traditional\proc\p18F4550.asm
                    PORTA   0x000f80       data     extern C:\MCC18\src\traditional\proc\p18F4550.asm
                PORTAbits   0x000f80       data     extern C:\MCC18\src\traditional\proc\p18F4550.asm
                    PORTB   0x000f81       data     extern C:\MCC18\src\traditional\proc\p18F4550.asm
                PORTBbits   0x000f81       data     extern C:\MCC18\src\traditional\proc\p18F4550.asm
                    PORTC   0x000f82       data     extern C:\MCC18\src\traditional\proc\p18F4550.asm
                PORTCbits   0x000f82       data     extern C:\MCC18\src\traditional\proc\p18F4550.asm
                    PORTD   0x000f83       data     extern C:\MCC18\src\traditional\proc\p18F4550.asm
                PORTDbits   0x000f83       data     extern C:\MCC18\src\traditional\proc\p18F4550.asm
                    PORTE   0x000f84       data     extern C:\MCC18\src\traditional\proc\p18F4550.asm
                PORTEbits   0x000f84       data     extern C:\MCC18\src\traditional\proc\p18F4550.asm
                 POSTDEC0   0x000fed       data     extern C:\MCC18\src\traditional\proc\p18F4550.asm
                 POSTDEC1   0x000fe5       data     extern C:\MCC18\src\traditional\proc\p18F4550.asm
                 POSTDEC2   0x000fdd       data     extern C:\MCC18\src\traditional\proc\p18F4550.asm
                 POSTINC0   0x000fee       data     extern C:\MCC18\src\traditional\proc\p18F4550.asm
                 POSTINC1   0x000fe6       data     extern C:\MCC18\src\traditional\proc\p18F4550.asm
                 POSTINC2   0x000fde       data     extern C:\MCC18\src\traditional\proc\p18F4550.asm
                      PR2   0x000fcb       data     extern C:\MCC18\src\traditional\proc\p18F4550.asm
                  PREINC0   0x000fec       data     extern C:\MCC18\src\traditional\proc\p18F4550.asm
                  PREINC1   0x000fe4       data     extern C:\MCC18\src\traditional\proc\p18F4550.asm
                  PREINC2   0x000fdc       data     extern C:\MCC18\src\traditional\proc\p18F4550.asm
                     PROD   0x000ff3       data     extern C:\MCC18\src\traditional\proc\p18F4550.asm
                    PRODH   0x000ff4       data     extern C:\MCC18\src\traditional\proc\p18F4550.asm
                    PRODL   0x000ff3       data     extern C:\MCC18\src\traditional\proc\p18F4550.asm
                     RCON   0x000fd0       data     extern C:\MCC18\src\traditional\proc\p18F4550.asm
                 RCONbits   0x000fd0       data     extern C:\MCC18\src\traditional\proc\p18F4550.asm
                    RCREG   0x000fae       data     extern C:\MCC18\src\traditional\proc\p18F4550.asm
                    RCSTA   0x000fab       data     extern C:\MCC18\src\traditional\proc\p18F4550.asm
                RCSTAbits   0x000fab       data     extern C:\MCC18\src\traditional\proc\p18F4550.asm
                     SIGN   0x000000       data     extern C:\MCC18\src\traditional\math\cmath18.asm
                    SPBRG   0x000faf       data     extern C:\MCC18\src\traditional\proc\p18F4550.asm
                   SPBRGH   0x000fb0       data     extern C:\MCC18\src\traditional\proc\p18F4550.asm
                   SPPCFG   0x000f63       data     extern C:\MCC18\src\traditional\proc\p18F4550.asm
               SPPCFGbits   0x000f63       data     extern C:\MCC18\src\traditional\proc\p18F4550.asm
                   SPPCON   0x000f65       data     extern C:\MCC18\src\traditional\proc\p18F4550.asm
               SPPCONbits   0x000f65       data     extern C:\MCC18\src\traditional\proc\p18F4550.asm
                  SPPDATA   0x000f62       data     extern C:\MCC18\src\traditional\proc\p18F4550.asm
                   SPPEPS   0x000f64       data     extern C:\MCC18\src\traditional\proc\p18F4550.asm
               SPPEPSbits   0x000f64       data     extern C:\MCC18\src\traditional\proc\p18F4550.asm
                   SSPADD   0x000fc8       data     extern C:\MCC18\src\traditional\proc\p18F4550.asm
                   SSPBUF   0x000fc9       data     extern C:\MCC18\src\traditional\proc\p18F4550.asm
                  SSPCON1   0x000fc6       data     extern C:\MCC18\src\traditional\proc\p18F4550.asm
              SSPCON1bits   0x000fc6       data     extern C:\MCC18\src\traditional\proc\p18F4550.asm
                  SSPCON2   0x000fc5       data     extern C:\MCC18\src\traditional\proc\p18F4550.asm
              SSPCON2bits   0x000fc5       data     extern C:\MCC18\src\traditional\proc\p18F4550.asm
                  SSPSTAT   0x000fc7       data     extern C:\MCC18\src\traditional\proc\p18F4550.asm
              SSPSTATbits   0x000fc7       data     extern C:\MCC18\src\traditional\proc\p18F4550.asm
                   STATUS   0x000fd8       data     extern C:\MCC18\src\traditional\proc\p18F4550.asm
               STATUSbits   0x000fd8       data     extern C:\MCC18\src\traditional\proc\p18F4550.asm
                   STKPTR   0x000ffc       data     extern C:\MCC18\src\traditional\proc\p18F4550.asm
               STKPTRbits   0x000ffc       data     extern C:\MCC18\src\traditional\proc\p18F4550.asm
                    T0CON   0x000fd5       data     extern C:\MCC18\src\traditional\proc\p18F4550.asm
                T0CONbits   0x000fd5       data     extern C:\MCC18\src\traditional\proc\p18F4550.asm
                    T1CON   0x000fcd       data     extern C:\MCC18\src\traditional\proc\p18F4550.asm
                T1CONbits   0x000fcd       data     extern C:\MCC18\src\traditional\proc\p18F4550.asm
                    T2CON   0x000fca       data     extern C:\MCC18\src\traditional\proc\p18F4550.asm
                T2CONbits   0x000fca       data     extern C:\MCC18\src\traditional\proc\p18F4550.asm
                    T3CON   0x000fb1       data     extern C:\MCC18\src\traditional\proc\p18F4550.asm
                T3CONbits   0x000fb1       data     extern C:\MCC18\src\traditional\proc\p18F4550.asm
                   TABLAT   0x000ff5       data     extern C:\MCC18\src\traditional\proc\p18F4550.asm
                   TBLPTR   0x000ff6       data     extern C:\MCC18\src\traditional\proc\p18F4550.asm
                  TBLPTRH   0x000ff7       data     extern C:\MCC18\src\traditional\proc\p18F4550.asm
                  TBLPTRL   0x000ff6       data     extern C:\MCC18\src\traditional\proc\p18F4550.asm
                  TBLPTRU   0x000ff8       data     extern C:\MCC18\src\traditional\proc\p18F4550.asm
                    TMR0H   0x000fd7       data     extern C:\MCC18\src\traditional\proc\p18F4550.asm
                    TMR0L   0x000fd6       data     extern C:\MCC18\src\traditional\proc\p18F4550.asm
                    TMR1H   0x000fcf       data     extern C:\MCC18\src\traditional\proc\p18F4550.asm
                    TMR1L   0x000fce       data     extern C:\MCC18\src\traditional\proc\p18F4550.asm
                     TMR2   0x000fcc       data     extern C:\MCC18\src\traditional\proc\p18F4550.asm
                    TMR3H   0x000fb3       data     extern C:\MCC18\src\traditional\proc\p18F4550.asm
                    TMR3L   0x000fb2       data     extern C:\MCC18\src\traditional\proc\p18F4550.asm
                      TOS   0x000ffd       data     extern C:\MCC18\src\traditional\proc\p18F4550.asm
                     TOSH   0x000ffe       data     extern C:\MCC18\src\traditional\proc\p18F4550.asm
                     TOSL   0x000ffd       data     extern C:\MCC18\src\traditional\proc\p18F4550.asm
                     TOSU   0x000fff       data     extern C:\MCC18\src\traditional\proc\p18F4550.asm
                    TRISA   0x000f92       data     extern C:\MCC18\src\traditional\proc\p18F4550.asm
                TRISAbits   0x000f92       data     extern C:\MCC18\src\traditional\proc\p18F4550.asm
                    TRISB   0x000f93       data     extern C:\MCC18\src\traditional\proc\p18F4550.asm
                TRISBbits   0x000f93       data     extern C:\MCC18\src\traditional\proc\p18F4550.asm
                    TRISC   0x000f94       data     extern C:\MCC18\src\traditional\proc\p18F4550.asm
                TRISCbits   0x000f94       data     extern C:\MCC18\src\traditional\proc\p18F4550.asm
                    TRISD   0x000f95       data     extern C:\MCC18\src\traditional\proc\p18F4550.asm
                TRISDbits   0x000f95       data     extern C:\MCC18\src\traditional\proc\p18F4550.asm
                    TRISE   0x000f96       data     extern C:\MCC18\src\traditional\proc\p18F4550.asm
                TRISEbits   0x000f96       data     extern C:\MCC18\src\traditional\proc\p18F4550.asm
                    TXREG   0x000fad       data     extern C:\MCC18\src\traditional\proc\p18F4550.asm
                    TXSTA   0x000fac       data     extern C:\MCC18\src\traditional\proc\p18F4550.asm
                TXSTAbits   0x000fac       data     extern C:\MCC18\src\traditional\proc\p18F4550.asm
                    UADDR   0x000f6e       data     extern C:\MCC18\src\traditional\proc\p18F4550.asm
                UADDRbits   0x000f6e       data     extern C:\MCC18\src\traditional\proc\p18F4550.asm
                     UCFG   0x000f6f       data     extern C:\MCC18\src\traditional\proc\p18F4550.asm
                 UCFGbits   0x000f6f       data     extern C:\MCC18\src\traditional\proc\p18F4550.asm
                     UCON   0x000f6d       data     extern C:\MCC18\src\traditional\proc\p18F4550.asm
                 UCONbits   0x000f6d       data     extern C:\MCC18\src\traditional\proc\p18F4550.asm
                     UEIE   0x000f6b       data     extern C:\MCC18\src\traditional\proc\p18F4550.asm
                 UEIEbits   0x000f6b       data     extern C:\MCC18\src\traditional\proc\p18F4550.asm
                     UEIR   0x000f6a       data     extern C:\MCC18\src\traditional\proc\p18F4550.asm
                 UEIRbits   0x000f6a       data     extern C:\MCC18\src\traditional\proc\p18F4550.asm
                     UEP0   0x000f70       data     extern C:\MCC18\src\traditional\proc\p18F4550.asm
                 UEP0bits   0x000f70       data     extern C:\MCC18\src\traditional\proc\p18F4550.asm
                     UEP1   0x000f71       data     extern C:\MCC18\src\traditional\proc\p18F4550.asm
                    UEP10   0x000f7a       data     extern C:\MCC18\src\traditional\proc\p18F4550.asm
                UEP10bits   0x000f7a       data     extern C:\MCC18\src\traditional\proc\p18F4550.asm
                    UEP11   0x000f7b       data     extern C:\MCC18\src\traditional\proc\p18F4550.asm
                UEP11bits   0x000f7b       data     extern C:\MCC18\src\traditional\proc\p18F4550.asm
                    UEP12   0x000f7c       data     extern C:\MCC18\src\traditional\proc\p18F4550.asm
                UEP12bits   0x000f7c       data     extern C:\MCC18\src\traditional\proc\p18F4550.asm
                    UEP13   0x000f7d       data     extern C:\MCC18\src\traditional\proc\p18F4550.asm
                UEP13bits   0x000f7d       data     extern C:\MCC18\src\traditional\proc\p18F4550.asm
                    UEP14   0x000f7e       data     extern C:\MCC18\src\traditional\proc\p18F4550.asm
                UEP14bits   0x000f7e       data     extern C:\MCC18\src\traditional\proc\p18F4550.asm
                    UEP15   0x000f7f       data     extern C:\MCC18\src\traditional\proc\p18F4550.asm
                UEP15bits   0x000f7f       data     extern C:\MCC18\src\traditional\proc\p18F4550.asm
                 UEP1bits   0x000f71       data     extern C:\MCC18\src\traditional\proc\p18F4550.asm
                     UEP2   0x000f72       data     extern C:\MCC18\src\traditional\proc\p18F4550.asm
                 UEP2bits   0x000f72       data     extern C:\MCC18\src\traditional\proc\p18F4550.asm
                     UEP3   0x000f73       data     extern C:\MCC18\src\traditional\proc\p18F4550.asm
                 UEP3bits   0x000f73       data     extern C:\MCC18\src\traditional\proc\p18F4550.asm
                     UEP4   0x000f74       data     extern C:\MCC18\src\traditional\proc\p18F4550.asm
                 UEP4bits   0x000f74       data     extern C:\MCC18\src\traditional\proc\p18F4550.asm
                     UEP5   0x000f75       data     extern C:\MCC18\src\traditional\proc\p18F4550.asm
                 UEP5bits   0x000f75       data     extern C:\MCC18\src\traditional\proc\p18F4550.asm
                     UEP6   0x000f76       data     extern C:\MCC18\src\traditional\proc\p18F4550.asm
                 UEP6bits   0x000f76       data     extern C:\MCC18\src\traditional\proc\p18F4550.asm
                     UEP7   0x000f77       data     extern C:\MCC18\src\traditional\proc\p18F4550.asm
                 UEP7bits   0x000f77       data     extern C:\MCC18\src\traditional\proc\p18F4550.asm
                     UEP8   0x000f78       data     extern C:\MCC18\src\traditional\proc\p18F4550.asm
                 UEP8bits   0x000f78       data     extern C:\MCC18\src\traditional\proc\p18F4550.asm
                     UEP9   0x000f79       data     extern C:\MCC18\src\traditional\proc\p18F4550.asm
                 UEP9bits   0x000f79       data     extern C:\MCC18\src\traditional\proc\p18F4550.asm
                     UFRM   0x000f66       data     extern C:\MCC18\src\traditional\proc\p18F4550.asm
                    UFRMH   0x000f67       data     extern C:\MCC18\src\traditional\proc\p18F4550.asm
                UFRMHbits   0x000f67       data     extern C:\MCC18\src\traditional\proc\p18F4550.asm
                    UFRML   0x000f66       data     extern C:\MCC18\src\traditional\proc\p18F4550.asm
                UFRMLbits   0x000f66       data     extern C:\MCC18\src\traditional\proc\p18F4550.asm
                      UIE   0x000f69       data     extern C:\MCC18\src\traditional\proc\p18F4550.asm
                  UIEbits   0x000f69       data     extern C:\MCC18\src\traditional\proc\p18F4550.asm
                      UIR   0x000f68       data     extern C:\MCC18\src\traditional\proc\p18F4550.asm
                  UIRbits   0x000f68       data     extern C:\MCC18\src\traditional\proc\p18F4550.asm
                    USTAT   0x000f6c       data     extern C:\MCC18\src\traditional\proc\p18F4550.asm
                USTATbits   0x000f6c       data     extern C:\MCC18\src\traditional\proc\p18F4550.asm
                   WDTCON   0x000fd1       data     extern C:\MCC18\src\traditional\proc\p18F4550.asm
               WDTCONbits   0x000fd1       data     extern C:\MCC18\src\traditional\proc\p18F4550.asm
                     WREG   0x000fe8       data     extern C:\MCC18\src\traditional\proc\p18F4550.asm
                 __AARGB0   0x000009       data     extern C:\MCC18\src\traditional\math\aarg.asm
                 __AARGB1   0x000008       data     extern C:\MCC18\src\traditional\math\aarg.asm
                 __AARGB2   0x000007       data     extern C:\MCC18\src\traditional\math\aarg.asm
                 __AARGB3   0x000006       data     extern C:\MCC18\src\traditional\math\aarg.asm
                 __AARGB4   0x000005       data     extern C:\MCC18\src\traditional\math\aarg.asm
                 __AARGB5   0x000004       data     extern C:\MCC18\src\traditional\math\aarg.asm
                 __AARGB6   0x000003       data     extern C:\MCC18\src\traditional\math\aarg.asm
                 __AARGB7   0x000002       data     extern C:\MCC18\src\traditional\math\aarg.asm
                   __AEXP   0x00000a       data     extern C:\MCC18\src\traditional\math\aarg.asm
                 __BARGB0   0x00000e       data     extern C:\MCC18\src\traditional\math\barg.asm
                 __BARGB1   0x00000d       data     extern C:\MCC18\src\traditional\math\barg.asm
                 __BARGB2   0x00000c       data     extern C:\MCC18\src\traditional\math\barg.asm
                 __BARGB3   0x00000b       data     extern C:\MCC18\src\traditional\math\barg.asm
                   __BEXP   0x00000f       data     extern C:\MCC18\src\traditional\math\barg.asm
                __FPFLAGS   0x000001       data     extern C:\MCC18\src\traditional\math\cmath18.asm
            __FPFLAGSbits   0x000001       data     extern C:\MCC18\src\traditional\math\cmath18.asm
                  __REMB0   0x000005       data     extern C:\MCC18\src\traditional\math\aarg.asm
                  __REMB1   0x000004       data     extern C:\MCC18\src\traditional\math\aarg.asm
                  __REMB2   0x000003       data     extern C:\MCC18\src\traditional\math\aarg.asm
                  __REMB3   0x000002       data     extern C:\MCC18\src\traditional\math\aarg.asm
                   __TEMP   0x000013       data     extern C:\MCC18\src\traditional\math\temparg.asm
                 __TEMPB0   0x000013       data     extern C:\MCC18\src\traditional\math\temparg.asm
                 __TEMPB1   0x000012       data     extern C:\MCC18\src\traditional\math\temparg.asm
                 __TEMPB2   0x000011       data     extern C:\MCC18\src\traditional\math\temparg.asm
                 __TEMPB3   0x000010       data     extern C:\MCC18\src\traditional\math\temparg.asm
                  __tmp_0   0x000014       data     static C:\MCC18\src\traditional\stdclib\vfprintf.c
                  __tmp_0   0x000014       data     static C:\MCC18\src\traditional\stdclib\sprintf.c
                  __tmp_0   0x000014       data     static C:\MCC18\src\traditional\stdclib\putc.c
                  __tmp_0   0x000014       data     static C:\MCC18\src\pmc_common\EEP\write_B.c
                  __tmp_0   0x000014       data     static C:\MCC18\src\pmc_common\EEP\read_B.c
                  __tmp_0   0x000014       data     static C:\Users\Administrator\Documents\HOBBIES\ESTUFA PELLET\Electronica\Programa PIC\Firmware1.0.c
                  __tmp_0   0x000014       data     static C:\MCC18\src\pmc_common\ADC\adcsetch.c
                  __tmp_0   0x000014       data     static C:\MCC18\src\pmc_common\ADC\adcselchconv.c
                  __tmp_0   0x000014       data     static C:\MCC18\src\pmc_common\ADC\adcread.c
                  __tmp_0   0x000014       data     static C:\MCC18\src\pmc_common\ADC\adcopen.c
                  __tmp_1   0x00001b       data     static C:\Users\Administrator\Documents\HOBBIES\ESTUFA PELLET\Electronica\Programa PIC\Firmware1.0.c
                      adc   0x000100       data     extern C:\Users\Administrator\Documents\HOBBIES\ESTUFA PELLET\Electronica\Programa PIC\Firmware1.0.c
      admin_pellet_string   0x000140       data     extern C:\Users\Administrator\Documents\HOBBIES\ESTUFA PELLET\Electronica\Programa PIC\Firmware1.0.c
                      buf   0x000060       data     extern C:\Users\Administrator\Documents\HOBBIES\ESTUFA PELLET\Electronica\Programa PIC\Firmware1.0.c
                     buf2   0x00006f       data     extern C:\Users\Administrator\Documents\HOBBIES\ESTUFA PELLET\Electronica\Programa PIC\Firmware1.0.c
                     buf3   0x00007e       data     extern C:\Users\Administrator\Documents\HOBBIES\ESTUFA PELLET\Electronica\Programa PIC\Firmware1.0.c
                       ch   0x000091       data     extern C:\Users\Administrator\Documents\HOBBIES\ESTUFA PELLET\Electronica\Programa PIC\Firmware1.0.c
         compt_esclafador   0x0000ac       data     extern C:\Users\Administrator\Documents\HOBBIES\ESTUFA PELLET\Electronica\Programa PIC\Firmware1.0.c
          compt_extractor   0x0000a8       data     extern C:\Users\Administrator\Documents\HOBBIES\ESTUFA PELLET\Electronica\Programa PIC\Firmware1.0.c
           compt_pantalla   0x0000b0       data     extern C:\Users\Administrator\Documents\HOBBIES\ESTUFA PELLET\Electronica\Programa PIC\Firmware1.0.c
             compt_pellet   0x0000aa       data     extern C:\Users\Administrator\Documents\HOBBIES\ESTUFA PELLET\Electronica\Programa PIC\Firmware1.0.c
         compt_ventilador   0x0000ae       data     extern C:\Users\Administrator\Documents\HOBBIES\ESTUFA PELLET\Electronica\Programa PIC\Firmware1.0.c
            controlpunter   0x0000b6       data     extern C:\Users\Administrator\Documents\HOBBIES\ESTUFA PELLET\Electronica\Programa PIC\Firmware1.0.c
                curr_byte   0x0000cb       data     static C:\MCC18\src\traditional\startup\c018i.c
               curr_entry   0x0000cd       data     static C:\MCC18\src\traditional\startup\c018i.c
                 data_ptr   0x0000cf       data     static C:\MCC18\src\traditional\startup\c018i.c
            escalfador_on   0x000197       data     extern C:\Users\Administrator\Documents\HOBBIES\ESTUFA PELLET\Electronica\Programa PIC\Firmware1.0.c
                    estat   0x000164       data     extern C:\Users\Administrator\Documents\HOBBIES\ESTUFA PELLET\Electronica\Programa PIC\Firmware1.0.c
         estat_escalfador   0x00009d       data     extern C:\Users\Administrator\Documents\HOBBIES\ESTUFA PELLET\Electronica\Programa PIC\Firmware1.0.c
          estat_extractor   0x00009b       data     extern C:\Users\Administrator\Documents\HOBBIES\ESTUFA PELLET\Electronica\Programa PIC\Firmware1.0.c
             estat_pellet   0x00009c       data     extern C:\Users\Administrator\Documents\HOBBIES\ESTUFA PELLET\Electronica\Programa PIC\Firmware1.0.c
         estat_ventilador   0x00009e       data     extern C:\Users\Administrator\Documents\HOBBIES\ESTUFA PELLET\Electronica\Programa PIC\Firmware1.0.c
                 extr_off   0x00016f       data     extern C:\Users\Administrator\Documents\HOBBIES\ESTUFA PELLET\Electronica\Programa PIC\Firmware1.0.c
                  extr_on   0x000165       data     extern C:\Users\Administrator\Documents\HOBBIES\ESTUFA PELLET\Electronica\Programa PIC\Firmware1.0.c
                     fase   0x0000b1       data     extern C:\Users\Administrator\Documents\HOBBIES\ESTUFA PELLET\Electronica\Programa PIC\Firmware1.0.c
       isensed_escalfador   0x000099       data     extern C:\Users\Administrator\Documents\HOBBIES\ESTUFA PELLET\Electronica\Programa PIC\Firmware1.0.c
           isensed_pellet   0x000097       data     extern C:\Users\Administrator\Documents\HOBBIES\ESTUFA PELLET\Electronica\Programa PIC\Firmware1.0.c
                       jo   0x000150       data     extern C:\Users\Administrator\Documents\HOBBIES\ESTUFA PELLET\Electronica\Programa PIC\Firmware1.0.c
            last_pulsador   0x0000b8       data     extern C:\Users\Administrator\Documents\HOBBIES\ESTUFA PELLET\Electronica\Programa PIC\Firmware1.0.c
                num_cicle   0x0000a7       data     extern C:\Users\Administrator\Documents\HOBBIES\ESTUFA PELLET\Electronica\Programa PIC\Firmware1.0.c
             pellet_admin   0x00018d       data     extern C:\Users\Administrator\Documents\HOBBIES\ESTUFA PELLET\Electronica\Programa PIC\Firmware1.0.c
               pellet_off   0x000183       data     extern C:\Users\Administrator\Documents\HOBBIES\ESTUFA PELLET\Electronica\Programa PIC\Firmware1.0.c
                pellet_on   0x000179       data     extern C:\Users\Administrator\Documents\HOBBIES\ESTUFA PELLET\Electronica\Programa PIC\Firmware1.0.c
              prog_string   0x000110       data     extern C:\Users\Administrator\Documents\HOBBIES\ESTUFA PELLET\Electronica\Programa PIC\Firmware1.0.c
                     prom   0x0000c8       data     static C:\MCC18\src\traditional\startup\c018i.c
                 pulsador   0x0000b7       data     extern C:\Users\Administrator\Documents\HOBBIES\ESTUFA PELLET\Electronica\Programa PIC\Firmware1.0.c
                punternom   0x0000b4       data     extern C:\Users\Administrator\Documents\HOBBIES\ESTUFA PELLET\Electronica\Programa PIC\Firmware1.0.c
              puntervalor   0x0000b2       data     extern C:\Users\Administrator\Documents\HOBBIES\ESTUFA PELLET\Electronica\Programa PIC\Firmware1.0.c
                    rapid   0x0001a1       data     extern C:\Users\Administrator\Documents\HOBBIES\ESTUFA PELLET\Electronica\Programa PIC\Firmware1.0.c
               run_string   0x000120       data     extern C:\Users\Administrator\Documents\HOBBIES\ESTUFA PELLET\Electronica\Programa PIC\Firmware1.0.c
             saved_string   0x000130       data     extern C:\Users\Administrator\Documents\HOBBIES\ESTUFA PELLET\Electronica\Programa PIC\Firmware1.0.c
             t_escalfador   0x0000a6       data     extern C:\Users\Administrator\Documents\HOBBIES\ESTUFA PELLET\Electronica\Programa PIC\Firmware1.0.c
               t_pantalla   0x00009f       data     extern C:\Users\Administrator\Documents\HOBBIES\ESTUFA PELLET\Electronica\Programa PIC\Firmware1.0.c
                ta_pellet   0x0000a5       data     extern C:\Users\Administrator\Documents\HOBBIES\ESTUFA PELLET\Electronica\Programa PIC\Firmware1.0.c
             temp_ambient   0x000093       data     extern C:\Users\Administrator\Documents\HOBBIES\ESTUFA PELLET\Electronica\Programa PIC\Firmware1.0.c
              temp_hotair   0x000095       data     extern C:\Users\Administrator\Documents\HOBBIES\ESTUFA PELLET\Electronica\Programa PIC\Firmware1.0.c
                  temp_sp   0x0000a0       data     extern C:\Users\Administrator\Documents\HOBBIES\ESTUFA PELLET\Electronica\Programa PIC\Firmware1.0.c
             th_extractor   0x0000a1       data     extern C:\Users\Administrator\Documents\HOBBIES\ESTUFA PELLET\Electronica\Programa PIC\Firmware1.0.c
                th_pellet   0x0000a3       data     extern C:\Users\Administrator\Documents\HOBBIES\ESTUFA PELLET\Electronica\Programa PIC\Firmware1.0.c
             tl_extractor   0x0000a2       data     extern C:\Users\Administrator\Documents\HOBBIES\ESTUFA PELLET\Electronica\Programa PIC\Firmware1.0.c
                tl_pellet   0x0000a4       data     extern C:\Users\Administrator\Documents\HOBBIES\ESTUFA PELLET\Electronica\Programa PIC\Firmware1.0.c
                   value1   0x00008d       data     extern C:\Users\Administrator\Documents\HOBBIES\ESTUFA PELLET\Electronica\Programa PIC\Firmware1.0.c
                   value2   0x00008f       data     extern C:\Users\Administrator\Documents\HOBBIES\ESTUFA PELLET\Electronica\Programa PIC\Firmware1.0.c



                              Symbols - Sorted by Address
                     Name    Address   Location    Storage File                     
                ---------  ---------  ---------  --------- ---------                
                   _entry   0x000000    program     extern C:\MCC18\src\traditional\startup\c018i.c
       ___return_lbl00000   0x000004    program     static                          
               _user_putc   0x000006    program     extern C:\MCC18\src\traditional\stdclib\_user_putc.c
      InterruptVectorHigh   0x000008    program     extern C:\Users\Administrator\Documents\HOBBIES\ESTUFA PELLET\Electronica\Programa PIC\Firmware1.0.c
       ___return_lbl00053   0x00000c    program     static                          
            s_put_n_chars   0x00001c    program     static C:\MCC18\src\traditional\stdclib\vfprintf.c
                 vfprintf   0x000048    program     extern C:\MCC18\src\traditional\stdclib\vfprintf.c
              __tmplbl_85   0x000072    program     static                          
              __tmplbl_44   0x000920    program     static                          
              __tmplbl_43   0x00093a    program     static                          
                   __pa_0   0x00095c    program     static C:\MCC18\src\traditional\stdclib\vfprintf.c
                   __pa_1   0x000964    program     static C:\MCC18\src\traditional\stdclib\vfprintf.c
                   __pa_2   0x00096e    program     static C:\MCC18\src\traditional\stdclib\vfprintf.c
                   __pa_3   0x000978    program     static C:\MCC18\src\traditional\stdclib\vfprintf.c
                   __pa_4   0x000990    program     static C:\MCC18\src\traditional\stdclib\vfprintf.c
                   __pa_5   0x0009a4    program     static C:\MCC18\src\traditional\stdclib\vfprintf.c
                   __pa_6   0x0009c0    program     static C:\MCC18\src\traditional\stdclib\vfprintf.c
                   __pa_7   0x0009ca    program     static C:\MCC18\src\traditional\stdclib\vfprintf.c
                   __pa_8   0x0009d6    program     static C:\MCC18\src\traditional\stdclib\vfprintf.c
                   __pa_9   0x0009f8    program     static C:\MCC18\src\traditional\stdclib\vfprintf.c
                  __pa_10   0x000a18    program     static C:\MCC18\src\traditional\stdclib\vfprintf.c
                  __pa_11   0x000a26    program     static C:\MCC18\src\traditional\stdclib\vfprintf.c
                  __pa_12   0x000a3c    program     static C:\MCC18\src\traditional\stdclib\vfprintf.c
                  __pa_13   0x000a56    program     static C:\MCC18\src\traditional\stdclib\vfprintf.c
                  __pa_14   0x000a6e    program     static C:\MCC18\src\traditional\stdclib\vfprintf.c
                  __pa_15   0x000a7e    program     static C:\MCC18\src\traditional\stdclib\vfprintf.c
                  __pa_16   0x000a94    program     static C:\MCC18\src\traditional\stdclib\vfprintf.c
                  __pa_17   0x000aa6    program     static C:\MCC18\src\traditional\stdclib\vfprintf.c
                  __pa_18   0x000ab8    program     static C:\MCC18\src\traditional\stdclib\vfprintf.c
                  __pa_19   0x000ac2    program     static C:\MCC18\src\traditional\stdclib\vfprintf.c
                  __pa_20   0x000ad2    program     static C:\MCC18\src\traditional\stdclib\vfprintf.c
                  __pa_21   0x000ae2    program     static C:\MCC18\src\traditional\stdclib\vfprintf.c
                  __pa_22   0x000af2    program     static C:\MCC18\src\traditional\stdclib\vfprintf.c
              __tmplbl_42   0x000af2    program     static                          
                  __pa_23   0x000afe    program     static C:\MCC18\src\traditional\stdclib\vfprintf.c
                  __pa_24   0x000b0c    program     static C:\MCC18\src\traditional\stdclib\vfprintf.c
                  __pa_25   0x000b14    program     static C:\MCC18\src\traditional\stdclib\vfprintf.c
                  __pa_26   0x000b1e    program     static C:\MCC18\src\traditional\stdclib\vfprintf.c
                  __pa_27   0x000b28    program     static C:\MCC18\src\traditional\stdclib\vfprintf.c
                  __pa_28   0x000b30    program     static C:\MCC18\src\traditional\stdclib\vfprintf.c
                  __pa_29   0x000b3e    program     static C:\MCC18\src\traditional\stdclib\vfprintf.c
                  __pa_30   0x000b5a    program     static C:\MCC18\src\traditional\stdclib\vfprintf.c
                  __pa_31   0x000b74    program     static C:\MCC18\src\traditional\stdclib\vfprintf.c
                  __pa_32   0x000b8e    program     static C:\MCC18\src\traditional\stdclib\vfprintf.c
                  __pa_33   0x000ba6    program     static C:\MCC18\src\traditional\stdclib\vfprintf.c
                  __pa_34   0x000bb0    program     static C:\MCC18\src\traditional\stdclib\vfprintf.c
                  __pa_35   0x000bbe    program     static C:\MCC18\src\traditional\stdclib\vfprintf.c
                  __pa_36   0x000bc6    program     static C:\MCC18\src\traditional\stdclib\vfprintf.c
                  __pa_37   0x000bd0    program     static C:\MCC18\src\traditional\stdclib\vfprintf.c
                  __pa_38   0x000be0    program     static C:\MCC18\src\traditional\stdclib\vfprintf.c
                  __pa_39   0x000bee    program     static C:\MCC18\src\traditional\stdclib\vfprintf.c
                  __pa_40   0x000bfa    program     static C:\MCC18\src\traditional\stdclib\vfprintf.c
                  __pa_41   0x000c06    program     static C:\MCC18\src\traditional\stdclib\vfprintf.c
                  __pa_42   0x000c0e    program     static C:\MCC18\src\traditional\stdclib\vfprintf.c
                  __pa_43   0x000c18    program     static C:\MCC18\src\traditional\stdclib\vfprintf.c
                  __pa_44   0x000c1e    program     static C:\MCC18\src\traditional\stdclib\vfprintf.c
                  __pa_45   0x000c28    program     static C:\MCC18\src\traditional\stdclib\vfprintf.c
                  __pa_46   0x000c34    program     static C:\MCC18\src\traditional\stdclib\vfprintf.c
                   config   0x000c3e    program     extern C:\Users\Administrator\Documents\HOBBIES\ESTUFA PELLET\Electronica\Programa PIC\Firmware1.0.c
                  cmdXLCD   0x000cb2    program     extern C:\Users\Administrator\Documents\HOBBIES\ESTUFA PELLET\Electronica\Programa PIC\Firmware1.0.c
            DelayFor18TCY   0x000cd8    program     extern C:\Users\Administrator\Documents\HOBBIES\ESTUFA PELLET\Electronica\Programa PIC\Firmware1.0.c
             DelayPORXLCD   0x000ce4    program     extern C:\Users\Administrator\Documents\HOBBIES\ESTUFA PELLET\Electronica\Programa PIC\Firmware1.0.c
                DelayXLCD   0x000cf0    program     extern C:\Users\Administrator\Documents\HOBBIES\ESTUFA PELLET\Electronica\Programa PIC\Firmware1.0.c
               gotoxyXLCD   0x000cfc    program     extern C:\Users\Administrator\Documents\HOBBIES\ESTUFA PELLET\Electronica\Programa PIC\Firmware1.0.c
                     main   0x000d30    program     extern C:\Users\Administrator\Documents\HOBBIES\ESTUFA PELLET\Electronica\Programa PIC\Firmware1.0.c
     InterruptHandlerHigh   0x00132c    program     extern C:\Users\Administrator\Documents\HOBBIES\ESTUFA PELLET\Electronica\Programa PIC\Firmware1.0.c
                 OpenXLCD   0x001822    program     extern C:\MCC18\src\pmc_common\XLCD\openxlcd.c
                  sprintf   0x0018ec    program     extern C:\MCC18\src\traditional\stdclib\sprintf.c
                 FXD1616S   0x001998    program     extern C:\MCC18\src\traditional\math\fxd1616s.asm
                  DA1616S   0x0019aa    program     static C:\MCC18\src\traditional\math\fxd1616s.asm
                   D1616S   0x0019ba    program     static C:\MCC18\src\traditional\math\fxd1616s.asm
                 D1616SOK   0x0019c4    program     static C:\MCC18\src\traditional\math\fxd1616s.asm
                D1616SNEG   0x0019c8    program     static C:\MCC18\src\traditional\math\fxd1616s.asm
                  D1616SX   0x0019da    program     static C:\MCC18\src\traditional\math\fxd1616s.asm
                 FXM1616S   0x0019e4    program     extern C:\MCC18\src\traditional\math\fxm1616s.asm
               TSIGN1616A   0x001a30    program     static C:\MCC18\src\traditional\math\fxm1616s.asm
                _do_cinit   0x001a3e    program     extern C:\MCC18\src\traditional\startup\c018i.c
                     test   0x001a58    program     static                          
                copy_loop   0x001ab0    program     static                          
            copy_one_byte   0x001ab6    program     static                          
             done_copying   0x001ac4    program     static                          
                     done   0x001ada    program     static                          
       ___return_lbl00002   0x001ada    program     static                          
                     putc   0x001adc    program     extern C:\MCC18\src\traditional\stdclib\putc.c
[...]
                UEP13bits   0x000f7d       data     extern C:\MCC18\src\traditional\proc\p18F4550.asm
                    UEP13   0x000f7d       data     extern C:\MCC18\src\traditional\proc\p18F4550.asm
                    UEP14   0x000f7e       data     extern C:\MCC18\src\traditional\proc\p18F4550.asm
                UEP14bits   0x000f7e       data     extern C:\MCC18\src\traditional\proc\p18F4550.asm
                    UEP15   0x000f7f       data     extern C:\MCC18\src\traditional\proc\p18F4550.asm
                UEP15bits   0x000f7f       data     extern C:\MCC18\src\traditional\proc\p18F4550.asm
                    PORTA   0x000f80       data     extern C:\MCC18\src\traditional\proc\p18F4550.asm
                PORTAbits   0x000f80       data     extern C:\MCC18\src\traditional\proc\p18F4550.asm
                    PORTB   0x000f81       data     extern C:\MCC18\src\traditional\proc\p18F4550.asm
                PORTBbits   0x000f81       data     extern C:\MCC18\src\traditional\proc\p18F4550.asm
                PORTCbits   0x000f82       data     extern C:\MCC18\src\traditional\proc\p18F4550.asm
                    PORTC   0x000f82       data     extern C:\MCC18\src\traditional\proc\p18F4550.asm
                PORTDbits   0x000f83       data     extern C:\MCC18\src\traditional\proc\p18F4550.asm
                    PORTD   0x000f83       data     extern C:\MCC18\src\traditional\proc\p18F4550.asm
                PORTEbits   0x000f84       data     extern C:\MCC18\src\traditional\proc\p18F4550.asm
                    PORTE   0x000f84       data     extern C:\MCC18\src\traditional\proc\p18F4550.asm
                     LATA   0x000f89       data     extern C:\MCC18\src\traditional\proc\p18F4550.asm
                 LATAbits   0x000f89       data     extern C:\MCC18\src\traditional\proc\p18F4550.asm
                     LATB   0x000f8a       data     extern C:\MCC18\src\traditional\proc\p18F4550.asm
                 LATBbits   0x000f8a       data     extern C:\MCC18\src\traditional\proc\p18F4550.asm
                     LATC   0x000f8b       data     extern C:\MCC18\src\traditional\proc\p18F4550.asm
                 LATCbits   0x000f8b       data     extern C:\MCC18\src\traditional\proc\p18F4550.asm
                 LATDbits   0x000f8c       data     extern C:\MCC18\src\traditional\proc\p18F4550.asm
                     LATD   0x000f8c       data     extern C:\MCC18\src\traditional\proc\p18F4550.asm
                 LATEbits   0x000f8d       data     extern C:\MCC18\src\traditional\proc\p18F4550.asm
                     LATE   0x000f8d       data     extern C:\MCC18\src\traditional\proc\p18F4550.asm
                    TRISA   0x000f92       data     extern C:\MCC18\src\traditional\proc\p18F4550.asm
                TRISAbits   0x000f92       data     extern C:\MCC18\src\traditional\proc\p18F4550.asm
                 DDRAbits   0x000f92       data     extern C:\MCC18\src\traditional\proc\p18F4550.asm
                     DDRA   0x000f92       data     extern C:\MCC18\src\traditional\proc\p18F4550.asm
                 DDRBbits   0x000f93       data     extern C:\MCC18\src\traditional\proc\p18F4550.asm
                     DDRB   0x000f93       data     extern C:\MCC18\src\traditional\proc\p18F4550.asm
                TRISBbits   0x000f93       data     extern C:\MCC18\src\traditional\proc\p18F4550.asm
                    TRISB   0x000f93       data     extern C:\MCC18\src\traditional\proc\p18F4550.asm
                 DDRCbits   0x000f94       data     extern C:\MCC18\src\traditional\proc\p18F4550.asm
                TRISCbits   0x000f94       data     extern C:\MCC18\src\traditional\proc\p18F4550.asm
                    TRISC   0x000f94       data     extern C:\MCC18\src\traditional\proc\p18F4550.asm
                     DDRC   0x000f94       data     extern C:\MCC18\src\traditional\proc\p18F4550.asm
                TRISDbits   0x000f95       data     extern C:\MCC18\src\traditional\proc\p18F4550.asm
                    TRISD   0x000f95       data     extern C:\MCC18\src\traditional\proc\p18F4550.asm
                 DDRDbits   0x000f95       data     extern C:\MCC18\src\traditional\proc\p18F4550.asm
                     DDRD   0x000f95       data     extern C:\MCC18\src\traditional\proc\p18F4550.asm
                 DDREbits   0x000f96       data     extern C:\MCC18\src\traditional\proc\p18F4550.asm
                     DDRE   0x000f96       data     extern C:\MCC18\src\traditional\proc\p18F4550.asm
                    TRISE   0x000f96       data     extern C:\MCC18\src\traditional\proc\p18F4550.asm
                TRISEbits   0x000f96       data     extern C:\MCC18\src\traditional\proc\p18F4550.asm
                  OSCTUNE   0x000f9b       data     extern C:\MCC18\src\traditional\proc\p18F4550.asm
              OSCTUNEbits   0x000f9b       data     extern C:\MCC18\src\traditional\proc\p18F4550.asm
                     PIE1   0x000f9d       data     extern C:\MCC18\src\traditional\proc\p18F4550.asm
                 PIE1bits   0x000f9d       data     extern C:\MCC18\src\traditional\proc\p18F4550.asm
                     PIR1   0x000f9e       data     extern C:\MCC18\src\traditional\proc\p18F4550.asm
                 PIR1bits   0x000f9e       data     extern C:\MCC18\src\traditional\proc\p18F4550.asm
                     IPR1   0x000f9f       data     extern C:\MCC18\src\traditional\proc\p18F4550.asm
                 IPR1bits   0x000f9f       data     extern C:\MCC18\src\traditional\proc\p18F4550.asm
                 PIE2bits   0x000fa0       data     extern C:\MCC18\src\traditional\proc\p18F4550.asm
                     PIE2   0x000fa0       data     extern C:\MCC18\src\traditional\proc\p18F4550.asm
                 PIR2bits   0x000fa1       data     extern C:\MCC18\src\traditional\proc\p18F4550.asm
                     PIR2   0x000fa1       data     extern C:\MCC18\src\traditional\proc\p18F4550.asm
                 IPR2bits   0x000fa2       data     extern C:\MCC18\src\traditional\proc\p18F4550.asm
                     IPR2   0x000fa2       data     extern C:\MCC18\src\traditional\proc\p18F4550.asm
                   EECON1   0x000fa6       data     extern C:\MCC18\src\traditional\proc\p18F4550.asm
               EECON1bits   0x000fa6       data     extern C:\MCC18\src\traditional\proc\p18F4550.asm
                   EECON2   0x000fa7       data     extern C:\MCC18\src\traditional\proc\p18F4550.asm
                   EEDATA   0x000fa8       data     extern C:\MCC18\src\traditional\proc\p18F4550.asm
                    EEADR   0x000fa9       data     extern C:\MCC18\src\traditional\proc\p18F4550.asm
                    RCSTA   0x000fab       data     extern C:\MCC18\src\traditional\proc\p18F4550.asm
                RCSTAbits   0x000fab       data     extern C:\MCC18\src\traditional\proc\p18F4550.asm
                TXSTAbits   0x000fac       data     extern C:\MCC18\src\traditional\proc\p18F4550.asm
                    TXSTA   0x000fac       data     extern C:\MCC18\src\traditional\proc\p18F4550.asm
                    TXREG   0x000fad       data     extern C:\MCC18\src\traditional\proc\p18F4550.asm
                    RCREG   0x000fae       data     extern C:\MCC18\src\traditional\proc\p18F4550.asm
                    SPBRG   0x000faf       data     extern C:\MCC18\src\traditional\proc\p18F4550.asm
                   SPBRGH   0x000fb0       data     extern C:\MCC18\src\traditional\proc\p18F4550.asm
                T3CONbits   0x000fb1       data     extern C:\MCC18\src\traditional\proc\p18F4550.asm
                    T3CON   0x000fb1       data     extern C:\MCC18\src\traditional\proc\p18F4550.asm
                    TMR3L   0x000fb2       data     extern C:\MCC18\src\traditional\proc\p18F4550.asm
                    TMR3H   0x000fb3       data     extern C:\MCC18\src\traditional\proc\p18F4550.asm
                CMCONbits   0x000fb4       data     extern C:\MCC18\src\traditional\proc\p18F4550.asm
                    CMCON   0x000fb4       data     extern C:\MCC18\src\traditional\proc\p18F4550.asm
               CVRCONbits   0x000fb5       data     extern C:\MCC18\src\traditional\proc\p18F4550.asm
                   CVRCON   0x000fb5       data     extern C:\MCC18\src\traditional\proc\p18F4550.asm
              ECCP1ASbits   0x000fb6       data     extern C:\MCC18\src\traditional\proc\p18F4550.asm
                  ECCP1AS   0x000fb6       data     extern C:\MCC18\src\traditional\proc\p18F4550.asm
               CCP1ASbits   0x000fb6       data     extern C:\MCC18\src\traditional\proc\p18F4550.asm
                   CCP1AS   0x000fb6       data     extern C:\MCC18\src\traditional\proc\p18F4550.asm
                 ECCP1DEL   0x000fb7       data     extern C:\MCC18\src\traditional\proc\p18F4550.asm
              CCP1DELbits   0x000fb7       data     extern C:\MCC18\src\traditional\proc\p18F4550.asm
                  CCP1DEL   0x000fb7       data     extern C:\MCC18\src\traditional\proc\p18F4550.asm
             ECCP1DELbits   0x000fb7       data     extern C:\MCC18\src\traditional\proc\p18F4550.asm
                  BAUDCON   0x000fb8       data     extern C:\MCC18\src\traditional\proc\p18F4550.asm
              BAUDCONbits   0x000fb8       data     extern C:\MCC18\src\traditional\proc\p18F4550.asm
              CCP2CONbits   0x000fba       data     extern C:\MCC18\src\traditional\proc\p18F4550.asm
                  CCP2CON   0x000fba       data     extern C:\MCC18\src\traditional\proc\p18F4550.asm
                   CCPR2L   0x000fbb       data     extern C:\MCC18\src\traditional\proc\p18F4550.asm
                    CCPR2   0x000fbb       data     extern C:\MCC18\src\traditional\proc\p18F4550.asm
                   CCPR2H   0x000fbc       data     extern C:\MCC18\src\traditional\proc\p18F4550.asm
                 ECCP1CON   0x000fbd       data     extern C:\MCC18\src\traditional\proc\p18F4550.asm
             ECCP1CONbits   0x000fbd       data     extern C:\MCC18\src\traditional\proc\p18F4550.asm
                  CCP1CON   0x000fbd       data     extern C:\MCC18\src\traditional\proc\p18F4550.asm
              CCP1CONbits   0x000fbd       data     extern C:\MCC18\src\traditional\proc\p18F4550.asm
                    CCPR1   0x000fbe       data     extern C:\MCC18\src\traditional\proc\p18F4550.asm
                   CCPR1L   0x000fbe       data     extern C:\MCC18\src\traditional\proc\p18F4550.asm
                   CCPR1H   0x000fbf       data     extern C:\MCC18\src\traditional\proc\p18F4550.asm
                   ADCON2   0x000fc0       data     extern C:\MCC18\src\traditional\proc\p18F4550.asm
               ADCON2bits   0x000fc0       data     extern C:\MCC18\src\traditional\proc\p18F4550.asm
               ADCON1bits   0x000fc1       data     extern C:\MCC18\src\traditional\proc\p18F4550.asm
                   ADCON1   0x000fc1       data     extern C:\MCC18\src\traditional\proc\p18F4550.asm
                   ADCON0   0x000fc2       data     extern C:\MCC18\src\traditional\proc\p18F4550.asm
               ADCON0bits   0x000fc2       data     extern C:\MCC18\src\traditional\proc\p18F4550.asm
                    ADRES   0x000fc3       data     extern C:\MCC18\src\traditional\proc\p18F4550.asm
                   ADRESL   0x000fc3       data     extern C:\MCC18\src\traditional\proc\p18F4550.asm
                   ADRESH   0x000fc4       data     extern C:\MCC18\src\traditional\proc\p18F4550.asm
                  SSPCON2   0x000fc5       data     extern C:\MCC18\src\traditional\proc\p18F4550.asm
              SSPCON2bits   0x000fc5       data     extern C:\MCC18\src\traditional\proc\p18F4550.asm
                  SSPCON1   0x000fc6       data     extern C:\MCC18\src\traditional\proc\p18F4550.asm
              SSPCON1bits   0x000fc6       data     extern C:\MCC18\src\traditional\proc\p18F4550.asm
                  SSPSTAT   0x000fc7       data     extern C:\MCC18\src\traditional\proc\p18F4550.asm
              SSPSTATbits   0x000fc7       data     extern C:\MCC18\src\traditional\proc\p18F4550.asm
                   SSPADD   0x000fc8       data     extern C:\MCC18\src\traditional\proc\p18F4550.asm
                   SSPBUF   0x000fc9       data     extern C:\MCC18\src\traditional\proc\p18F4550.asm
                    T2CON   0x000fca       data     extern C:\MCC18\src\traditional\proc\p18F4550.asm
                T2CONbits   0x000fca       data     extern C:\MCC18\src\traditional\proc\p18F4550.asm
                      PR2   0x000fcb       data     extern C:\MCC18\src\traditional\proc\p18F4550.asm
                     TMR2   0x000fcc       data     extern C:\MCC18\src\traditional\proc\p18F4550.asm
                T1CONbits   0x000fcd       data     extern C:\MCC18\src\traditional\proc\p18F4550.asm
                    T1CON   0x000fcd       data     extern C:\MCC18\src\traditional\proc\p18F4550.asm
                    TMR1L   0x000fce       data     extern C:\MCC18\src\traditional\proc\p18F4550.asm
                    TMR1H   0x000fcf       data     extern C:\MCC18\src\traditional\proc\p18F4550.asm
                     RCON   0x000fd0       data     extern C:\MCC18\src\traditional\proc\p18F4550.asm
                 RCONbits   0x000fd0       data     extern C:\MCC18\src\traditional\proc\p18F4550.asm
               WDTCONbits   0x000fd1       data     extern C:\MCC18\src\traditional\proc\p18F4550.asm
                   WDTCON   0x000fd1       data     extern C:\MCC18\src\traditional\proc\p18F4550.asm
               LVDCONbits   0x000fd2       data     extern C:\MCC18\src\traditional\proc\p18F4550.asm
                   LVDCON   0x000fd2       data     extern C:\MCC18\src\traditional\proc\p18F4550.asm
              HLVDCONbits   0x000fd2       data     extern C:\MCC18\src\traditional\proc\p18F4550.asm
                  HLVDCON   0x000fd2       data     extern C:\MCC18\src\traditional\proc\p18F4550.asm
               OSCCONbits   0x000fd3       data     extern C:\MCC18\src\traditional\proc\p18F4550.asm
                   OSCCON   0x000fd3       data     extern C:\MCC18\src\traditional\proc\p18F4550.asm
                    T0CON   0x000fd5       data     extern C:\MCC18\src\traditional\proc\p18F4550.asm
                T0CONbits   0x000fd5       data     extern C:\MCC18\src\traditional\proc\p18F4550.asm
                    TMR0L   0x000fd6       data     extern C:\MCC18\src\traditional\proc\p18F4550.asm
                    TMR0H   0x000fd7       data     extern C:\MCC18\src\traditional\proc\p18F4550.asm
                   STATUS   0x000fd8       data     extern C:\MCC18\src\traditional\proc\p18F4550.asm
               STATUSbits   0x000fd8       data     extern C:\MCC18\src\traditional\proc\p18F4550.asm
                    FSR2L   0x000fd9       data     extern C:\MCC18\src\traditional\proc\p18F4550.asm
                     FSR2   0x000fd9       data     extern C:\MCC18\src\traditional\proc\p18F4550.asm
                    FSR2H   0x000fda       data     extern C:\MCC18\src\traditional\proc\p18F4550.asm
                   PLUSW2   0x000fdb       data     extern C:\MCC18\src\traditional\proc\p18F4550.asm
                  PREINC2   0x000fdc       data     extern C:\MCC18\src\traditional\proc\p18F4550.asm
                 POSTDEC2   0x000fdd       data     extern C:\MCC18\src\traditional\proc\p18F4550.asm
                 POSTINC2   0x000fde       data     extern C:\MCC18\src\traditional\proc\p18F4550.asm
                    INDF2   0x000fdf       data     extern C:\MCC18\src\traditional\proc\p18F4550.asm
                      BSR   0x000fe0       data     extern C:\MCC18\src\traditional\proc\p18F4550.asm
                    FSR1L   0x000fe1       data     extern C:\MCC18\src\traditional\proc\p18F4550.asm
                     FSR1   0x000fe1       data     extern C:\MCC18\src\traditional\proc\p18F4550.asm
                    FSR1H   0x000fe2       data     extern C:\MCC18\src\traditional\proc\p18F4550.asm
                   PLUSW1   0x000fe3       data     extern C:\MCC18\src\traditional\proc\p18F4550.asm
                  PREINC1   0x000fe4       data     extern C:\MCC18\src\traditional\proc\p18F4550.asm
                 POSTDEC1   0x000fe5       data     extern C:\MCC18\src\traditional\proc\p18F4550.asm
                 POSTINC1   0x000fe6       data     extern C:\MCC18\src\traditional\proc\p18F4550.asm
                    INDF1   0x000fe7       data     extern C:\MCC18\src\traditional\proc\p18F4550.asm
                     WREG   0x000fe8       data     extern C:\MCC18\src\traditional\proc\p18F4550.asm
                     FSR0   0x000fe9       data     extern C:\MCC18\src\traditional\proc\p18F4550.asm
                    FSR0L   0x000fe9       data     extern C:\MCC18\src\traditional\proc\p18F4550.asm
                    FSR0H   0x000fea       data     extern C:\MCC18\src\traditional\proc\p18F4550.asm
                   PLUSW0   0x000feb       data     extern C:\MCC18\src\traditional\proc\p18F4550.asm
                  PREINC0   0x000fec       data     extern C:\MCC18\src\traditional\proc\p18F4550.asm
                 POSTDEC0   0x000fed       data     extern C:\MCC18\src\traditional\proc\p18F4550.asm
                 POSTINC0   0x000fee       data     extern C:\MCC18\src\traditional\proc\p18F4550.asm
                    INDF0   0x000fef       data     extern C:\MCC18\src\traditional\proc\p18F4550.asm
              INTCON3bits   0x000ff0       data     extern C:\MCC18\src\traditional\proc\p18F4550.asm
                  INTCON3   0x000ff0       data     extern C:\MCC18\src\traditional\proc\p18F4550.asm
              INTCON2bits   0x000ff1       data     extern C:\MCC18\src\traditional\proc\p18F4550.asm
                  INTCON2   0x000ff1       data     extern C:\MCC18\src\traditional\proc\p18F4550.asm
               INTCONbits   0x000ff2       data     extern C:\MCC18\src\traditional\proc\p18F4550.asm
                   INTCON   0x000ff2       data     extern C:\MCC18\src\traditional\proc\p18F4550.asm
                     PROD   0x000ff3       data     extern C:\MCC18\src\traditional\proc\p18F4550.asm
                    PRODL   0x000ff3       data     extern C:\MCC18\src\traditional\proc\p18F4550.asm
                    PRODH   0x000ff4       data     extern C:\MCC18\src\traditional\proc\p18F4550.asm
                   TABLAT   0x000ff5       data     extern C:\MCC18\src\traditional\proc\p18F4550.asm
                  TBLPTRL   0x000ff6       data     extern C:\MCC18\src\traditional\proc\p18F4550.asm
                   TBLPTR   0x000ff6       data     extern C:\MCC18\src\traditional\proc\p18F4550.asm
                  TBLPTRH   0x000ff7       data     extern C:\MCC18\src\traditional\proc\p18F4550.asm
                  TBLPTRU   0x000ff8       data     extern C:\MCC18\src\traditional\proc\p18F4550.asm
                       PC   0x000ff9       data     extern C:\MCC18\src\traditional\proc\p18F4550.asm
                      PCL   0x000ff9       data     extern C:\MCC18\src\traditional\proc\p18F4550.asm
                   PCLATH   0x000ffa       data     extern C:\MCC18\src\traditional\proc\p18F4550.asm
                   PCLATU   0x000ffb       data     extern C:\MCC18\src\traditional\proc\p18F4550.asm
                   STKPTR   0x000ffc       data     extern C:\MCC18\src\traditional\proc\p18F4550.asm
               STKPTRbits   0x000ffc       data     extern C:\MCC18\src\traditional\proc\p18F4550.asm
                      TOS   0x000ffd       data     extern C:\MCC18\src\traditional\proc\p18F4550.asm
                     TOSL   0x000ffd       data     extern C:\MCC18\src\traditional\proc\p18F4550.asm
                     TOSH   0x000ffe       data     extern C:\MCC18\src\traditional\proc\p18F4550.asm
                     TOSU   0x000fff       data     extern C:\MCC18\src\traditional\proc\p18F4550.asm


